------------------------------------------------------------
TimeQuest Timing Analyzer Summary
------------------------------------------------------------

Type  : Slow 1200mV 85C Model Setup 'clock50Mhz'
Slack : -4.499
TNS   : -99.090

Type  : Slow 1200mV 85C Model Setup 'entrada:entrada01|clockDivider:clk1Hz|clk_out'
Slack : -0.845
TNS   : -2.728

Type  : Slow 1200mV 85C Model Hold 'entrada:entrada01|clockDivider:clk1Hz|clk_out'
Slack : 0.403
TNS   : 0.000

Type  : Slow 1200mV 85C Model Hold 'clock50Mhz'
Slack : 0.618
TNS   : 0.000

Type  : Slow 1200mV 85C Model Minimum Pulse Width 'clock50Mhz'
Slack : -3.000
TNS   : -45.405

Type  : Slow 1200mV 85C Model Minimum Pulse Width 'entrada:entrada01|clockDivider:clk1Hz|clk_out'
Slack : -1.285
TNS   : -21.845

Type  : Slow 1200mV 0C Model Setup 'clock50Mhz'
Slack : -4.056
TNS   : -88.181

Type  : Slow 1200mV 0C Model Setup 'entrada:entrada01|clockDivider:clk1Hz|clk_out'
Slack : -0.671
TNS   : -1.722

Type  : Slow 1200mV 0C Model Hold 'entrada:entrada01|clockDivider:clk1Hz|clk_out'
Slack : 0.352
TNS   : 0.000

Type  : Slow 1200mV 0C Model Hold 'clock50Mhz'
Slack : 0.566
TNS   : 0.000

Type  : Slow 1200mV 0C Model Minimum Pulse Width 'clock50Mhz'
Slack : -3.000
TNS   : -45.405

Type  : Slow 1200mV 0C Model Minimum Pulse Width 'entrada:entrada01|clockDivider:clk1Hz|clk_out'
Slack : -1.285
TNS   : -21.845

Type  : Fast 1200mV 0C Model Setup 'clock50Mhz'
Slack : -1.704
TNS   : -29.081

Type  : Fast 1200mV 0C Model Setup 'entrada:entrada01|clockDivider:clk1Hz|clk_out'
Slack : 0.115
TNS   : 0.000

Type  : Fast 1200mV 0C Model Hold 'entrada:entrada01|clockDivider:clk1Hz|clk_out'
Slack : 0.181
TNS   : 0.000

Type  : Fast 1200mV 0C Model Hold 'clock50Mhz'
Slack : 0.280
TNS   : 0.000

Type  : Fast 1200mV 0C Model Minimum Pulse Width 'clock50Mhz'
Slack : -3.000
TNS   : -38.049

Type  : Fast 1200mV 0C Model Minimum Pulse Width 'entrada:entrada01|clockDivider:clk1Hz|clk_out'
Slack : -1.000
TNS   : -17.000

------------------------------------------------------------
