------------------------------------------------------------
TimeQuest Timing Analyzer Summary
------------------------------------------------------------

Type  : Slow 1200mV 85C Model Setup 'clock50MHz'
Slack : -8.909
TNS   : -60.425

Type  : Slow 1200mV 85C Model Setup 'clock500Hz'
Slack : -8.066
TNS   : -23.355

Type  : Slow 1200mV 85C Model Hold 'clock500Hz'
Slack : 0.435
TNS   : 0.000

Type  : Slow 1200mV 85C Model Hold 'clock50MHz'
Slack : 1.060
TNS   : 0.000

Type  : Slow 1200mV 85C Model Minimum Pulse Width 'clock500Hz'
Slack : -3.000
TNS   : -14.565

Type  : Slow 1200mV 85C Model Minimum Pulse Width 'clock50MHz'
Slack : -3.000
TNS   : -11.995

Type  : Slow 1200mV 0C Model Setup 'clock50MHz'
Slack : -7.948
TNS   : -54.063

Type  : Slow 1200mV 0C Model Setup 'clock500Hz'
Slack : -7.186
TNS   : -20.588

Type  : Slow 1200mV 0C Model Hold 'clock500Hz'
Slack : 0.402
TNS   : 0.000

Type  : Slow 1200mV 0C Model Hold 'clock50MHz'
Slack : 0.972
TNS   : 0.000

Type  : Slow 1200mV 0C Model Minimum Pulse Width 'clock500Hz'
Slack : -3.000
TNS   : -14.565

Type  : Slow 1200mV 0C Model Minimum Pulse Width 'clock50MHz'
Slack : -3.000
TNS   : -11.995

Type  : Fast 1200mV 0C Model Setup 'clock50MHz'
Slack : -3.750
TNS   : -25.269

Type  : Fast 1200mV 0C Model Setup 'clock500Hz'
Slack : -3.320
TNS   : -9.320

Type  : Fast 1200mV 0C Model Hold 'clock500Hz'
Slack : 0.193
TNS   : 0.000

Type  : Fast 1200mV 0C Model Hold 'clock50MHz'
Slack : 0.465
TNS   : 0.000

Type  : Fast 1200mV 0C Model Minimum Pulse Width 'clock500Hz'
Slack : -3.000
TNS   : -12.580

Type  : Fast 1200mV 0C Model Minimum Pulse Width 'clock50MHz'
Slack : -3.000
TNS   : -10.434

------------------------------------------------------------
