------------------------------------------------------------
TimeQuest Timing Analyzer Summary
------------------------------------------------------------

Type  : Slow 1200mV 85C Model Setup 'Clock'
Slack : -4.910
TNS   : -110.716

Type  : Slow 1200mV 85C Model Setup 'arquitetura:inst|entrada:ent|ClockDivider:CD01|tmp'
Slack : -1.212
TNS   : -2.869

Type  : Slow 1200mV 85C Model Hold 'arquitetura:inst|entrada:ent|ClockDivider:CD01|tmp'
Slack : 0.665
TNS   : 0.000

Type  : Slow 1200mV 85C Model Hold 'Clock'
Slack : 1.246
TNS   : 0.000

Type  : Slow 1200mV 85C Model Minimum Pulse Width 'Clock'
Slack : -3.000
TNS   : -45.405

Type  : Slow 1200mV 85C Model Minimum Pulse Width 'arquitetura:inst|sistema:sis|Mod8Counter:M8C1|CountBuffer[0]'
Slack : -1.285
TNS   : -10.280

Type  : Slow 1200mV 85C Model Minimum Pulse Width 'arquitetura:inst|entrada:ent|ClockDivider:CD01|tmp'
Slack : -1.285
TNS   : -3.855

Type  : Slow 1200mV 0C Model Setup 'Clock'
Slack : -4.488
TNS   : -99.319

Type  : Slow 1200mV 0C Model Setup 'arquitetura:inst|entrada:ent|ClockDivider:CD01|tmp'
Slack : -1.035
TNS   : -2.390

Type  : Slow 1200mV 0C Model Hold 'arquitetura:inst|entrada:ent|ClockDivider:CD01|tmp'
Slack : 0.579
TNS   : 0.000

Type  : Slow 1200mV 0C Model Hold 'Clock'
Slack : 1.172
TNS   : 0.000

Type  : Slow 1200mV 0C Model Minimum Pulse Width 'Clock'
Slack : -3.000
TNS   : -45.405

Type  : Slow 1200mV 0C Model Minimum Pulse Width 'arquitetura:inst|sistema:sis|Mod8Counter:M8C1|CountBuffer[0]'
Slack : -1.285
TNS   : -10.280

Type  : Slow 1200mV 0C Model Minimum Pulse Width 'arquitetura:inst|entrada:ent|ClockDivider:CD01|tmp'
Slack : -1.285
TNS   : -3.855

Type  : Fast 1200mV 0C Model Setup 'Clock'
Slack : -1.981
TNS   : -38.939

Type  : Fast 1200mV 0C Model Setup 'arquitetura:inst|entrada:ent|ClockDivider:CD01|tmp'
Slack : -0.166
TNS   : -0.355

Type  : Fast 1200mV 0C Model Hold 'arquitetura:inst|entrada:ent|ClockDivider:CD01|tmp'
Slack : 0.253
TNS   : 0.000

Type  : Fast 1200mV 0C Model Hold 'Clock'
Slack : 0.405
TNS   : 0.000

Type  : Fast 1200mV 0C Model Minimum Pulse Width 'Clock'
Slack : -3.000
TNS   : -38.035

Type  : Fast 1200mV 0C Model Minimum Pulse Width 'arquitetura:inst|sistema:sis|Mod8Counter:M8C1|CountBuffer[0]'
Slack : -1.000
TNS   : -8.000

Type  : Fast 1200mV 0C Model Minimum Pulse Width 'arquitetura:inst|entrada:ent|ClockDivider:CD01|tmp'
Slack : -1.000
TNS   : -3.000

------------------------------------------------------------
