Archive member included because of file (symbol)

c:/altera/12.0/nios2eds/bin/gnu/h-i686-mingw32/bin/../lib/gcc/nios2-elf/4.1.2\libgcc.a(lib2-divmod.o)
                              obj/default/main.o (__divsi3)
c:/altera/12.0/nios2eds/bin/gnu/h-i686-mingw32/bin/../lib/gcc/nios2-elf/4.1.2/../../../../nios2-elf/lib\libc.a(lib_a-fclose.o)
                              obj/default/LCD.o (fclose)
c:/altera/12.0/nios2eds/bin/gnu/h-i686-mingw32/bin/../lib/gcc/nios2-elf/4.1.2/../../../../nios2-elf/lib\libc.a(lib_a-fflush.o)
                              c:/altera/12.0/nios2eds/bin/gnu/h-i686-mingw32/bin/../lib/gcc/nios2-elf/4.1.2/../../../../nios2-elf/lib\libc.a(lib_a-fclose.o) (_fflush_r)
c:/altera/12.0/nios2eds/bin/gnu/h-i686-mingw32/bin/../lib/gcc/nios2-elf/4.1.2/../../../../nios2-elf/lib\libc.a(lib_a-findfp.o)
                              c:/altera/12.0/nios2eds/bin/gnu/h-i686-mingw32/bin/../lib/gcc/nios2-elf/4.1.2/../../../../nios2-elf/lib\libc.a(lib_a-fclose.o) (__sfp_lock_acquire)
c:/altera/12.0/nios2eds/bin/gnu/h-i686-mingw32/bin/../lib/gcc/nios2-elf/4.1.2/../../../../nios2-elf/lib\libc.a(lib_a-fopen.o)
                              obj/default/LCD.o (fopen)
c:/altera/12.0/nios2eds/bin/gnu/h-i686-mingw32/bin/../lib/gcc/nios2-elf/4.1.2/../../../../nios2-elf/lib\libc.a(lib_a-freer.o)
                              c:/altera/12.0/nios2eds/bin/gnu/h-i686-mingw32/bin/../lib/gcc/nios2-elf/4.1.2/../../../../nios2-elf/lib\libc.a(lib_a-fclose.o) (_free_r)
c:/altera/12.0/nios2eds/bin/gnu/h-i686-mingw32/bin/../lib/gcc/nios2-elf/4.1.2/../../../../nios2-elf/lib\libc.a(lib_a-fseek.o)
                              c:/altera/12.0/nios2eds/bin/gnu/h-i686-mingw32/bin/../lib/gcc/nios2-elf/4.1.2/../../../../nios2-elf/lib\libc.a(lib_a-fopen.o) (_fseek_r)
c:/altera/12.0/nios2eds/bin/gnu/h-i686-mingw32/bin/../lib/gcc/nios2-elf/4.1.2/../../../../nios2-elf/lib\libc.a(lib_a-fstatr.o)
                              c:/altera/12.0/nios2eds/bin/gnu/h-i686-mingw32/bin/../lib/gcc/nios2-elf/4.1.2/../../../../nios2-elf/lib\libc.a(lib_a-fseek.o) (_fstat_r)
c:/altera/12.0/nios2eds/bin/gnu/h-i686-mingw32/bin/../lib/gcc/nios2-elf/4.1.2/../../../../nios2-elf/lib\libc.a(lib_a-fwalk.o)
                              c:/altera/12.0/nios2eds/bin/gnu/h-i686-mingw32/bin/../lib/gcc/nios2-elf/4.1.2/../../../../nios2-elf/lib\libc.a(lib_a-fflush.o) (_fwalk_reent)
c:/altera/12.0/nios2eds/bin/gnu/h-i686-mingw32/bin/../lib/gcc/nios2-elf/4.1.2/../../../../nios2-elf/lib\libc.a(lib_a-fwrite.o)
                              obj/default/LCD.o (fwrite)
c:/altera/12.0/nios2eds/bin/gnu/h-i686-mingw32/bin/../lib/gcc/nios2-elf/4.1.2/../../../../nios2-elf/lib\libc.a(lib_a-impure.o)
                              c:/altera/12.0/nios2eds/bin/gnu/h-i686-mingw32/bin/../lib/gcc/nios2-elf/4.1.2/../../../../nios2-elf/lib\libc.a(lib_a-fclose.o) (_impure_ptr)
c:/altera/12.0/nios2eds/bin/gnu/h-i686-mingw32/bin/../lib/gcc/nios2-elf/4.1.2/../../../../nios2-elf/lib\libc.a(lib_a-int_errno.o)
                              c:/altera/12.0/nios2eds/bin/gnu/h-i686-mingw32/bin/../lib/gcc/nios2-elf/4.1.2/../../../../nios2-elf/lib\libc.a(lib_a-fstatr.o) (errno)
c:/altera/12.0/nios2eds/bin/gnu/h-i686-mingw32/bin/../lib/gcc/nios2-elf/4.1.2/../../../../nios2-elf/lib\libc.a(lib_a-makebuf.o)
                              c:/altera/12.0/nios2eds/bin/gnu/h-i686-mingw32/bin/../lib/gcc/nios2-elf/4.1.2/../../../../nios2-elf/lib\libc.a(lib_a-fseek.o) (__smakebuf_r)
c:/altera/12.0/nios2eds/bin/gnu/h-i686-mingw32/bin/../lib/gcc/nios2-elf/4.1.2/../../../../nios2-elf/lib\libc.a(lib_a-mallocr.o)
                              c:/altera/12.0/nios2eds/bin/gnu/h-i686-mingw32/bin/../lib/gcc/nios2-elf/4.1.2/../../../../nios2-elf/lib\libc.a(lib_a-findfp.o) (_malloc_r)
c:/altera/12.0/nios2eds/bin/gnu/h-i686-mingw32/bin/../lib/gcc/nios2-elf/4.1.2/../../../../nios2-elf/lib\libc.a(lib_a-memset.o)
                              obj/default/LCD.o (memset)
c:/altera/12.0/nios2eds/bin/gnu/h-i686-mingw32/bin/../lib/gcc/nios2-elf/4.1.2/../../../../nios2-elf/lib\libc.a(lib_a-openr.o)
                              c:/altera/12.0/nios2eds/bin/gnu/h-i686-mingw32/bin/../lib/gcc/nios2-elf/4.1.2/../../../../nios2-elf/lib\libc.a(lib_a-fopen.o) (_open_r)
c:/altera/12.0/nios2eds/bin/gnu/h-i686-mingw32/bin/../lib/gcc/nios2-elf/4.1.2/../../../../nios2-elf/lib\libc.a(lib_a-printf.o)
                              obj/default/debug.o (printf)
c:/altera/12.0/nios2eds/bin/gnu/h-i686-mingw32/bin/../lib/gcc/nios2-elf/4.1.2/../../../../nios2-elf/lib\libc.a(lib_a-puts.o)
                              obj/default/main.o (puts)
c:/altera/12.0/nios2eds/bin/gnu/h-i686-mingw32/bin/../lib/gcc/nios2-elf/4.1.2/../../../../nios2-elf/lib\libc.a(lib_a-refill.o)
                              c:/altera/12.0/nios2eds/bin/gnu/h-i686-mingw32/bin/../lib/gcc/nios2-elf/4.1.2/../../../../nios2-elf/lib\libc.a(lib_a-fseek.o) (__srefill_r)
c:/altera/12.0/nios2eds/bin/gnu/h-i686-mingw32/bin/../lib/gcc/nios2-elf/4.1.2/../../../../nios2-elf/lib\libc.a(lib_a-sbrkr.o)
[...]
Memory Configuration

Name             Origin             Length             Attributes
sdram            0x00000000         0x08000000
cfi_flash        0x09800000         0x00800000
reset            0x0a800000         0x00000020
sram             0x0a800020         0x000fffe0
*default*        0x00000000         0xffffffff

Linker script and memory map

LOAD ../DE2_115_Audio_bsp//obj/HAL/src/crt0.o
LOAD obj/default/AUDIO.o
LOAD obj/default/I2C.o
LOAD obj/default/LCD.o
LOAD obj/default/LED.o
LOAD obj/default/SEG7.o
LOAD obj/default/debug.o
LOAD obj/default/main.o
LOAD c:/altera/12.0/nios2eds/bin/gnu/h-i686-mingw32/bin/../lib/gcc/nios2-elf/4.1.2/../../../../nios2-elf/lib\libstdc++.a
LOAD c:/altera/12.0/nios2eds/bin/gnu/h-i686-mingw32/bin/../lib/gcc/nios2-elf/4.1.2/../../../../nios2-elf/lib\libm.a
LOAD c:/altera/12.0/nios2eds/bin/gnu/h-i686-mingw32/bin/../lib/gcc/nios2-elf/4.1.2\libgcc.a
START GROUP
LOAD c:/altera/12.0/nios2eds/bin/gnu/h-i686-mingw32/bin/../lib/gcc/nios2-elf/4.1.2/../../../../nios2-elf/lib\libc.a
LOAD c:/altera/12.0/nios2eds/bin/gnu/h-i686-mingw32/bin/../lib/gcc/nios2-elf/4.1.2\libgcc.a
LOAD ../DE2_115_Audio_bsp/\libhal_bsp.a
END GROUP
LOAD c:/altera/12.0/nios2eds/bin/gnu/h-i686-mingw32/bin/../lib/gcc/nios2-elf/4.1.2\libgcc.a
                0x00000000                __alt_mem_sdram = 0x0
                0x09800000                __alt_mem_cfi_flash = 0x9800000
                0x0a800000                __alt_mem_sram = 0xa800000

.entry          0x0a800000       0x20
 *(.entry)
 .entry         0x0a800000       0x20 ../DE2_115_Audio_bsp//obj/HAL/src/crt0.o
                0x0a800000                __reset

.exceptions     0x0a800020      0x194
                0x0a800020                PROVIDE (__ram_exceptions_start, ABSOLUTE (.))
                0x0a800020                . = ALIGN (0x20)
 *(.irq)
 *(.exceptions.entry.label)
 .exceptions.entry.label
                0x0a800020        0x0 ../DE2_115_Audio_bsp/\libhal_bsp.a(alt_irq_entry.o)
                0x0a800020                alt_irq_entry
 .exceptions.entry.label
                0x0a800020        0x0 ../DE2_115_Audio_bsp/\libhal_bsp.a(alt_exception_entry.o)
                0x0a800020                alt_exception
 *(.exceptions.entry.user)
 *(.exceptions.entry)
 .exceptions.entry
                0x0a800020       0x54 ../DE2_115_Audio_bsp/\libhal_bsp.a(alt_exception_entry.o)
 *(.exceptions.irqtest.user)
 *(.exceptions.irqtest)
 .exceptions.irqtest
                0x0a800074       0x10 ../DE2_115_Audio_bsp/\libhal_bsp.a(alt_irq_entry.o)
 *(.exceptions.irqhandler.user)
 *(.exceptions.irqhandler)
 .exceptions.irqhandler
                0x0a800084        0x4 ../DE2_115_Audio_bsp/\libhal_bsp.a(alt_irq_entry.o)
 *(.exceptions.irqreturn.user)
 *(.exceptions.irqreturn)
 .exceptions.irqreturn
                0x0a800088        0x4 ../DE2_115_Audio_bsp/\libhal_bsp.a(alt_irq_entry.o)
 *(.exceptions.notirq.label)
 .exceptions.notirq.label
                0x0a80008c        0x0 ../DE2_115_Audio_bsp/\libhal_bsp.a(alt_irq_entry.o)
 *(.exceptions.notirq.user)
 *(.exceptions.notirq)
 .exceptions.notirq
                0x0a80008c        0x8 ../DE2_115_Audio_bsp/\libhal_bsp.a(alt_exception_entry.o)
 *(.exceptions.soft.user)
 *(.exceptions.soft)
 *(.exceptions.unknown.user)
 *(.exceptions.unknown)
 .exceptions.unknown
                0x0a800094        0x4 ../DE2_115_Audio_bsp/\libhal_bsp.a(alt_exception_entry.o)
 *(.exceptions.exit.label)
 .exceptions.exit.label
                0x0a800098        0x0 ../DE2_115_Audio_bsp/\libhal_bsp.a(alt_irq_entry.o)
 .exceptions.exit.label
                0x0a800098        0x0 ../DE2_115_Audio_bsp/\libhal_bsp.a(alt_exception_entry.o)
 *(.exceptions.exit.user)
 *(.exceptions.exit)
 .exceptions.exit
                0x0a800098       0x54 ../DE2_115_Audio_bsp/\libhal_bsp.a(alt_exception_entry.o)
 *(.exceptions)
 .exceptions    0x0a8000ec       0xc8 ../DE2_115_Audio_bsp/\libhal_bsp.a(alt_irq_handler.o)
                0x0a8000ec                alt_irq_handler
                0x0a8001b4                PROVIDE (__ram_exceptions_end, ABSOLUTE (.))
                0x0a800020                PROVIDE (__flash_exceptions_start, LOADADDR (.exceptions))

.text           0x0a8001b4    0x12e14
                0x0a8001b4                PROVIDE (stext, ABSOLUTE (.))
 *(.interp)
 *(.hash)
 *(.dynsym)
 *(.dynstr)
 *(.gnu.version)
 *(.gnu.version_d)
 *(.gnu.version_r)
 *(.rel.init)
 *(.rela.init)
 *(.rel.text .rel.text.* .rel.gnu.linkonce.t.*)
 *(.rela.text .rela.text.* .rela.gnu.linkonce.t.*)
 *(.rel.fini)
 *(.rela.fini)
 *(.rel.rodata .rel.rodata.* .rel.gnu.linkonce.r.*)
 *(.rela.rodata .rela.rodata.* .rela.gnu.linkonce.r.*)
 *(.rel.data .rel.data.* .rel.gnu.linkonce.d.*)
 *(.rela.data .rela.data.* .rela.gnu.linkonce.d.*)
 *(.rel.tdata .rel.tdata.* .rel.gnu.linkonce.td.*)
 *(.rela.tdata .rela.tdata.* .rela.gnu.linkonce.td.*)
 *(.rel.tbss .rel.tbss.* .rel.gnu.linkonce.tb.*)
 *(.rela.tbss .rela.tbss.* .rela.gnu.linkonce.tb.*)
 *(.rel.ctors)
 *(.rela.ctors)
 *(.rel.dtors)
 *(.rela.dtors)
 *(.rel.got)
 *(.rela.got)
 *(.rel.sdata .rel.sdata.* .rel.gnu.linkonce.s.*)
 *(.rela.sdata .rela.sdata.* .rela.gnu.linkonce.s.*)
 *(.rel.sbss .rel.sbss.* .rel.gnu.linkonce.sb.*)
 *(.rela.sbss .rela.sbss.* .rela.gnu.linkonce.sb.*)
 *(.rel.sdata2 .rel.sdata2.* .rel.gnu.linkonce.s2.*)
 *(.rela.sdata2 .rela.sdata2.* .rela.gnu.linkonce.s2.*)
 *(.rel.sbss2 .rel.sbss2.* .rel.gnu.linkonce.sb2.*)
 *(.rela.sbss2 .rela.sbss2.* .rela.gnu.linkonce.sb2.*)
 *(.rel.bss .rel.bss.* .rel.gnu.linkonce.b.*)
 *(.rela.bss .rela.bss.* .rela.gnu.linkonce.b.*)
 *(.rel.plt)
 *(.rela.plt)
 *(.rel.dyn)
 *(.init)
 *(.plt)
 *(.text .stub .text.* .gnu.linkonce.t.*)
 .text          0x0a8001b4       0x4c ../DE2_115_Audio_bsp//obj/HAL/src/crt0.o
                0x0a8001b4                _start
 .text          0x0a800200      0xd98 obj/default/AUDIO.o
                0x0a800200                AUDIO_Init
                0x0a8003c4                AUDIO_InterfaceActive
                0x0a800404                AUDIO_MicBoost
                0x0a80047c                AUDIO_AdcEnableHighPassFilter
                0x0a8004f4                AUDIO_DacDeemphasisControl
                0x0a8005ac                AUDIO_DacEnableZeroCross
                0x0a80068c                AUDIO_DacEnableSoftMute
                0x0a800718                AUDIO_MicMute
                0x0a8007a4                AUDIO_LineInMute
                0x0a800884                AUDIO_SetInputSource
                0x0a800910                AUDIO_SetSampleRate
                0x0a8009fc                AUDIO_SetLineInVol
                0x0a800b18                AUDIO_SetLineOutVol
                0x0a800c34                AUDIO_EnableByPass
                0x0a800cc0                AUDIO_EnableSiteTone
                0x0a800d4c                aduio_RegWrite
                0x0a800e48                AUDIO_DacFifoNotFull
                0x0a800e9c                AUDIO_DacFifoSetData
                0x0a800ee0                AUDIO_AdcFifoNotEmpty
                0x0a800f18                AUDIO_AdcFifoGetData
                0x0a800f6c                AUDIO_FifoClear
 .text          0x0a800f98      0x718 obj/default/I2C.o
                0x0a800f98                I2C_Write
                0x0a801094                I2C_Read
                0x0a8011bc                I2C_MultipleRead
                0x0a801340                i2c_start
                0x0a8013c8                i2c_stop
                0x0a801440                i2c_write
                0x0a801564                i2c_read
 .text          0x0a8016b0      0x184 obj/default/LCD.o
                0x0a8016b0                LCD_Open
                0x0a80170c                LCD_TextOut
                0x0a801770                LCD_Clear
                0x0a8017f8                LCD_Close
 .text          0x0a801834       0xfc obj/default/LED.o
                0x0a801834                LED_Display
                0x0a80186c                LED_AllOn
                0x0a801898                LED_AllOff
                0x0a8018c4                LED_LightCount
 .text          0x0a801930      0x2d8 obj/default/SEG7.o
                0x0a801930                SEG7_Clear
                0x0a801988                SEG7_Full
                0x0a8019e8                SEG7_Number
                0x0a801a5c                SEG7_Hex
                0x0a801b28                SEG7_Decimal
 .text          0x0a801c08      0x194 obj/default/debug.o
                0x0a801c08                debug_output
                0x0a801c38                myprintf
                0x0a801c98                myprintf_hex_array
                0x0a801d18                myprintf_dword_array
 .text          0x0a801d9c      0xc40 obj/default/main.o
                0x0a801d9c                ui_is_mic_record
                0x0a801df0                ui_is_mic_boost
                0x0a801e28                ui_is_dac_zero_cross
                0x0a801e60                ui_get_sample_rate
                0x0a801f08                button_monitor_isr
                0x0a801f64                button_monitor_start
                0x0a801fec                init_audio
                0x0a802178                display_time_elapsed
                0x0a8021c4                show_power
                0x0a80225c                init
                0x0a8022d4                dump_record_data
                0x0a8023f0                show_menu
                0x0a802454                main
 .text          0x0a8029dc      0x14c c:/altera/12.0/nios2eds/bin/gnu/h-i686-mingw32/bin/../lib/gcc/nios2-elf/4.1.2\libgcc.a(lib2-divmod.o)
                0x0a802a58                __divsi3
                0x0a802ab8                __modsi3
                0x0a802b18                __udivsi3
                0x0a802b20                __umodsi3
 .text          0x0a802b28      0x124 c:/altera/12.0/nios2eds/bin/gnu/h-i686-mingw32/bin/../lib/gcc/nios2-elf/4.1.2/../../../../nios2-elf/lib\libc.a(lib_a-fclose.o)
                0x0a802b28                _fclose_r
                0x0a802c38                fclose
 .text          0x0a802c4c      0x230 c:/altera/12.0/nios2eds/bin/gnu/h-i686-mingw32/bin/../lib/gcc/nios2-elf/4.1.2/../../../../nios2-elf/lib\libc.a(lib_a-fflush.o)
                0x0a802c4c                _fflush_r
                0x0a802e48                fflush
 .text          0x0a802e7c      0x2c0 c:/altera/12.0/nios2eds/bin/gnu/h-i686-mingw32/bin/../lib/gcc/nios2-elf/4.1.2/../../../../nios2-elf/lib\libc.a(lib_a-findfp.o)
                0x0a802ed4                __sfp_lock_acquire
                0x0a802ed8                __sfp_lock_release
                0x0a802edc                __sinit_lock_acquire
                0x0a802ee0                __sinit_lock_release
                0x0a802ee4                __sinit
                0x0a802f98                __fp_unlock_all
                0x0a802fb0                __fp_lock_all
                0x0a802fc8                _cleanup_r
                0x0a802fd4                _cleanup
                0x0a802fe4                __sfmoreglue
                0x0a80304c                __sfp
 .text          0x0a80313c      0x110 c:/altera/12.0/nios2eds/bin/gnu/h-i686-mingw32/bin/../lib/gcc/nios2-elf/4.1.2/../../../../nios2-elf/lib\libc.a(lib_a-fopen.o)
                0x0a80313c                _fopen_r
                0x0a803230                fopen
 .text          0x0a80324c      0x440 c:/altera/12.0/nios2eds/bin/gnu/h-i686-mingw32/bin/../lib/gcc/nios2-elf/4.1.2/../../../../nios2-elf/lib\libc.a(lib_a-freer.o)
                0x0a80324c                _malloc_trim_r
                0x0a803378                _free_r
 .text          0x0a80368c      0x460 c:/altera/12.0/nios2eds/bin/gnu/h-i686-mingw32/bin/../lib/gcc/nios2-elf/4.1.2/../../../../nios2-elf/lib\libc.a(lib_a-fseek.o)
                0x0a80368c                _fseek_r
                0x0a803ac8                fseek
 .text          0x0a803aec       0x74 c:/altera/12.0/nios2eds/bin/gnu/h-i686-mingw32/bin/../lib/gcc/nios2-elf/4.1.2/../../../../nios2-elf/lib\libc.a(lib_a-fstatr.o)
                0x0a803aec                _fstat_r
 .text          0x0a803b60      0x180 c:/altera/12.0/nios2eds/bin/gnu/h-i686-mingw32/bin/../lib/gcc/nios2-elf/4.1.2/../../../../nios2-elf/lib\libc.a(lib_a-fwalk.o)
                0x0a803b60                _fwalk_reent
                0x0a803c28                _fwalk
 .text          0x0a803ce0       0xdc c:/altera/12.0/nios2eds/bin/gnu/h-i686-mingw32/bin/../lib/gcc/nios2-elf/4.1.2/../../../../nios2-elf/lib\libc.a(lib_a-fwrite.o)
                0x0a803ce0                _fwrite_r
                0x0a803d7c                fwrite
 .text          0x0a803dbc        0x0 c:/altera/12.0/nios2eds/bin/gnu/h-i686-mingw32/bin/../lib/gcc/nios2-elf/4.1.2/../../../../nios2-elf/lib\libc.a(lib_a-impure.o)
 .text          0x0a803dbc        0x0 c:/altera/12.0/nios2eds/bin/gnu/h-i686-mingw32/bin/../lib/gcc/nios2-elf/4.1.2/../../../../nios2-elf/lib\libc.a(lib_a-int_errno.o)
 .text          0x0a803dbc      0x194 c:/altera/12.0/nios2eds/bin/gnu/h-i686-mingw32/bin/../lib/gcc/nios2-elf/4.1.2/../../../../nios2-elf/lib\libc.a(lib_a-makebuf.o)
                0x0a803dbc                __smakebuf_r
 .text          0x0a803f50      0x740 c:/altera/12.0/nios2eds/bin/gnu/h-i686-mingw32/bin/../lib/gcc/nios2-elf/4.1.2/../../../../nios2-elf/lib\libc.a(lib_a-mallocr.o)
                0x0a803f50                _malloc_r
 .text          0x0a804690       0x98 c:/altera/12.0/nios2eds/bin/gnu/h-i686-mingw32/bin/../lib/gcc/nios2-elf/4.1.2/../../../../nios2-elf/lib\libc.a(lib_a-memset.o)
                0x0a804690                memset
 .text          0x0a804728       0x78 c:/altera/12.0/nios2eds/bin/gnu/h-i686-mingw32/bin/../lib/gcc/nios2-elf/4.1.2/../../../../nios2-elf/lib\libc.a(lib_a-openr.o)
                0x0a804728                _open_r
 .text          0x0a8047a0       0x78 c:/altera/12.0/nios2eds/bin/gnu/h-i686-mingw32/bin/../lib/gcc/nios2-elf/4.1.2/../../../../nios2-elf/lib\libc.a(lib_a-printf.o)
                0x0a8047a0                printf
                0x0a8047e4                _printf_r
 .text          0x0a804818       0xb4 c:/altera/12.0/nios2eds/bin/gnu/h-i686-mingw32/bin/../lib/gcc/nios2-elf/4.1.2/../../../../nios2-elf/lib\libc.a(lib_a-puts.o)
                0x0a804818                _puts_r
                0x0a8048b8                puts
 .text          0x0a8048cc      0x1e0 c:/altera/12.0/nios2eds/bin/gnu/h-i686-mingw32/bin/../lib/gcc/nios2-elf/4.1.2/../../../../nios2-elf/lib\libc.a(lib_a-refill.o)
                0x0a8048cc                __srefill_r
 .text          0x0a804aac       0x70 c:/altera/12.0/nios2eds/bin/gnu/h-i686-mingw32/bin/../lib/gcc/nios2-elf/4.1.2/../../../../nios2-elf/lib\libc.a(lib_a-sbrkr.o)
                0x0a804aac                _sbrk_r
 .text          0x0a804b1c       0xd4 c:/altera/12.0/nios2eds/bin/gnu/h-i686-mingw32/bin/../lib/gcc/nios2-elf/4.1.2/../../../../nios2-elf/lib\libc.a(lib_a-sprintf.o)
                0x0a804b1c                sprintf
                0x0a804b90                _sprintf_r
 .text          0x0a804bf0      0x14c c:/altera/12.0/nios2eds/bin/gnu/h-i686-mingw32/bin/../lib/gcc/nios2-elf/4.1.2/../../../../nios2-elf/lib\libc.a(lib_a-stdio.o)
                0x0a804bf0                __sclose
                0x0a804bf8                __sseek
                0x0a804c60                __swrite
                0x0a804cdc                __sread
 .text          0x0a804d3c       0x74 c:/altera/12.0/nios2eds/bin/gnu/h-i686-mingw32/bin/../lib/gcc/nios2-elf/4.1.2/../../../../nios2-elf/lib\libc.a(lib_a-strlen.o)
                0x0a804d3c                strlen
 .text          0x0a804db0     0x1f28 c:/altera/12.0/nios2eds/bin/gnu/h-i686-mingw32/bin/../lib/gcc/nios2-elf/4.1.2/../../../../nios2-elf/lib\libc.a(lib_a-vfprintf.o)
                0x0a804e08                ___vfprintf_internal_r
                0x0a806cb4                __vfprintf_internal
 .text          0x0a806cd8       0xf4 c:/altera/12.0/nios2eds/bin/gnu/h-i686-mingw32/bin/../lib/gcc/nios2-elf/4.1.2/../../../../nios2-elf/lib\libc.a(lib_a-vsnprintf.o)
                0x0a806cd8                _vsnprintf_r
                0x0a806d8c                vsnprintf
 .text          0x0a806dcc       0x78 c:/altera/12.0/nios2eds/bin/gnu/h-i686-mingw32/bin/../lib/gcc/nios2-elf/4.1.2/../../../../nios2-elf/lib\libc.a(lib_a-writer.o)
                0x0a806dcc                _write_r
 .text          0x0a806e44      0x13c c:/altera/12.0/nios2eds/bin/gnu/h-i686-mingw32/bin/../lib/gcc/nios2-elf/4.1.2/../../../../nios2-elf/lib\libc.a(lib_a-wsetup.o)
                0x0a806e44                __swsetup_r
 .text          0x0a806f80       0x70 c:/altera/12.0/nios2eds/bin/gnu/h-i686-mingw32/bin/../lib/gcc/nios2-elf/4.1.2/../../../../nios2-elf/lib\libc.a(lib_a-closer.o)
                0x0a806f80                _close_r
 .text          0x0a806ff0     0x17cc c:/altera/12.0/nios2eds/bin/gnu/h-i686-mingw32/bin/../lib/gcc/nios2-elf/4.1.2/../../../../nios2-elf/lib\libc.a(lib_a-dtoa.o)
                0x0a807208                _dtoa_r
 .text          0x0a8087bc       0xa0 c:/altera/12.0/nios2eds/bin/gnu/h-i686-mingw32/bin/../lib/gcc/nios2-elf/4.1.2/../../../../nios2-elf/lib\libc.a(lib_a-flags.o)
                0x0a8087bc                __sflags
 .text          0x0a80885c      0x49c c:/altera/12.0/nios2eds/bin/gnu/h-i686-mingw32/bin/../lib/gcc/nios2-elf/4.1.2/../../../../nios2-elf/lib\libc.a(lib_a-fvwrite.o)
                0x0a80885c                __sfvwrite_r
 .text          0x0a808cf8       0x70 c:/altera/12.0/nios2eds/bin/gnu/h-i686-mingw32/bin/../lib/gcc/nios2-elf/4.1.2/../../../../nios2-elf/lib\libc.a(lib_a-isattyr.o)
                0x0a808cf8                _isatty_r
 .text          0x0a808d68       0xc4 c:/altera/12.0/nios2eds/bin/gnu/h-i686-mingw32/bin/../lib/gcc/nios2-elf/4.1.2/../../../../nios2-elf/lib\libc.a(lib_a-locale.o)
                0x0a808d68                __locale_charset
                0x0a808d70                _localeconv_r
                0x0a808d7c                localeconv
                0x0a808d8c                _setlocale_r
                0x0a808e10                setlocale
 .text          0x0a808e2c       0x78 c:/altera/12.0/nios2eds/bin/gnu/h-i686-mingw32/bin/../lib/gcc/nios2-elf/4.1.2/../../../../nios2-elf/lib\libc.a(lib_a-lseekr.o)
                0x0a808e2c                _lseek_r
 .text          0x0a808ea4       0xe4 c:/altera/12.0/nios2eds/bin/gnu/h-i686-mingw32/bin/../lib/gcc/nios2-elf/4.1.2/../../../../nios2-elf/lib\libc.a(lib_a-memchr.o)
                0x0a808ea4                memchr
 .text          0x0a808f88       0xa0 c:/altera/12.0/nios2eds/bin/gnu/h-i686-mingw32/bin/../lib/gcc/nios2-elf/4.1.2/../../../../nios2-elf/lib\libc.a(lib_a-memcpy.o)
                0x0a808f88                memcpy
 .text          0x0a809028       0xe0 c:/altera/12.0/nios2eds/bin/gnu/h-i686-mingw32/bin/../lib/gcc/nios2-elf/4.1.2/../../../../nios2-elf/lib\libc.a(lib_a-memmove.o)
                0x0a809028                memmove
 .text          0x0a809108      0xff4 c:/altera/12.0/nios2eds/bin/gnu/h-i686-mingw32/bin/../lib/gcc/nios2-elf/4.1.2/../../../../nios2-elf/lib\libc.a(lib_a-mprec.o)
                0x0a809108                _Bfree
                0x0a809130                __hi0bits
                0x0a8091a0                __lo0bits
                0x0a809264                __mcmp
                0x0a8092c4                __ulp
                0x0a809344                __b2d
                0x0a809464                __ratio
                0x0a809514                _mprec_log10
                0x0a8095a8                __copybits
                0x0a809600                __any_on
                0x0a809688                _Balloc
                0x0a809744                __d2b
                0x0a8098c0                __mdiff
                0x0a809a4c                __lshift
                0x0a809b98                __multiply
                0x0a809d80                __i2b
                0x0a809dbc                __multadd
                0x0a809ebc                __pow5mult
                0x0a809fdc                __s2b
 .text          0x0a80a0fc       0x78 c:/altera/12.0/nios2eds/bin/gnu/h-i686-mingw32/bin/../lib/gcc/nios2-elf/4.1.2/../../../../nios2-elf/lib\libc.a(lib_a-readr.o)
                0x0a80a0fc                _read_r
 .text          0x0a80a174      0x5f4 c:/altera/12.0/nios2eds/bin/gnu/h-i686-mingw32/bin/../lib/gcc/nios2-elf/4.1.2/../../../../nios2-elf/lib\libc.a(lib_a-reallocr.o)
                0x0a80a174                _realloc_r
 .text          0x0a80a768       0x40 c:/altera/12.0/nios2eds/bin/gnu/h-i686-mingw32/bin/../lib/gcc/nios2-elf/4.1.2/../../../../nios2-elf/lib\libc.a(lib_a-s_isinfd.o)
                0x0a80a768                __isinfd
 .text          0x0a80a7a8       0x30 c:/altera/12.0/nios2eds/bin/gnu/h-i686-mingw32/bin/../lib/gcc/nios2-elf/4.1.2/../../../../nios2-elf/lib\libc.a(lib_a-s_isnand.o)
                0x0a80a7a8                __isnand
 .text          0x0a80a7d8       0xbc c:/altera/12.0/nios2eds/bin/gnu/h-i686-mingw32/bin/../lib/gcc/nios2-elf/4.1.2/../../../../nios2-elf/lib\libc.a(lib_a-strcmp.o)
                0x0a80a7d8                strcmp
 .text          0x0a80a894       0xb4 c:/altera/12.0/nios2eds/bin/gnu/h-i686-mingw32/bin/../lib/gcc/nios2-elf/4.1.2/../../../../nios2-elf/lib\libc.a(lib_a-callocr.o)
                0x0a80a894                _calloc_r
 .text          0x0a80a948      0x5dc c:/altera/12.0/nios2eds/bin/gnu/h-i686-mingw32/bin/../lib/gcc/nios2-elf/4.1.2\libgcc.a(_udivdi3.o)
                0x0a80a948                __udivdi3
 .text          0x0a80af24      0x5b0 c:/altera/12.0/nios2eds/bin/gnu/h-i686-mingw32/bin/../lib/gcc/nios2-elf/4.1.2\libgcc.a(_umoddi3.o)
                0x0a80af24                __umoddi3
 .text          0x0a80b4d4      0x504 c:/altera/12.0/nios2eds/bin/gnu/h-i686-mingw32/bin/../lib/gcc/nios2-elf/4.1.2\libgcc.a(_addsub_df.o)
                0x0a80b8e4                __subdf3
                0x0a80b964                __adddf3
 .text          0x0a80b9d8      0x3c4 c:/altera/12.0/nios2eds/bin/gnu/h-i686-mingw32/bin/../lib/gcc/nios2-elf/4.1.2\libgcc.a(_mul_df.o)
                0x0a80b9d8                __muldf3
 .text          0x0a80bd9c      0x258 c:/altera/12.0/nios2eds/bin/gnu/h-i686-mingw32/bin/../lib/gcc/nios2-elf/4.1.2\libgcc.a(_div_df.o)
                0x0a80bd9c                __divdf3
 .text          0x0a80bff4       0x88 c:/altera/12.0/nios2eds/bin/gnu/h-i686-mingw32/bin/../lib/gcc/nios2-elf/4.1.2\libgcc.a(_eq_df.o)
                0x0a80bff4                __eqdf2
 .text          0x0a80c07c       0x88 c:/altera/12.0/nios2eds/bin/gnu/h-i686-mingw32/bin/../lib/gcc/nios2-elf/4.1.2\libgcc.a(_ne_df.o)
                0x0a80c07c                __nedf2
 .text          0x0a80c104       0x88 c:/altera/12.0/nios2eds/bin/gnu/h-i686-mingw32/bin/../lib/gcc/nios2-elf/4.1.2\libgcc.a(_gt_df.o)
                0x0a80c104                __gtdf2
 .text          0x0a80c18c       0x88 c:/altera/12.0/nios2eds/bin/gnu/h-i686-mingw32/bin/../lib/gcc/nios2-elf/4.1.2\libgcc.a(_ge_df.o)
                0x0a80c18c                __gedf2
 .text          0x0a80c214       0x88 c:/altera/12.0/nios2eds/bin/gnu/h-i686-mingw32/bin/../lib/gcc/nios2-elf/4.1.2\libgcc.a(_lt_df.o)
                0x0a80c214                __ltdf2
 .text          0x0a80c29c       0xf8 c:/altera/12.0/nios2eds/bin/gnu/h-i686-mingw32/bin/../lib/gcc/nios2-elf/4.1.2\libgcc.a(_si_to_df.o)
                0x0a80c29c                __floatsidf
 .text          0x0a80c394       0xd8 c:/altera/12.0/nios2eds/bin/gnu/h-i686-mingw32/bin/../lib/gcc/nios2-elf/4.1.2\libgcc.a(_df_to_si.o)
                0x0a80c394                __fixdfsi
 .text          0x0a80c46c        0x0 c:/altera/12.0/nios2eds/bin/gnu/h-i686-mingw32/bin/../lib/gcc/nios2-elf/4.1.2\libgcc.a(_thenan_df.o)
 .text          0x0a80c46c      0x194 c:/altera/12.0/nios2eds/bin/gnu/h-i686-mingw32/bin/../lib/gcc/nios2-elf/4.1.2\libgcc.a(_usi_to_df.o)
                0x0a80c46c                __floatunsidf
 .text          0x0a80c600       0x98 c:/altera/12.0/nios2eds/bin/gnu/h-i686-mingw32/bin/../lib/gcc/nios2-elf/4.1.2\libgcc.a(_muldi3.o)
                0x0a80c600                __muldi3
 .text          0x0a80c698        0x0 c:/altera/12.0/nios2eds/bin/gnu/h-i686-mingw32/bin/../lib/gcc/nios2-elf/4.1.2\libgcc.a(_clz.o)
 .text          0x0a80c698       0x80 c:/altera/12.0/nios2eds/bin/gnu/h-i686-mingw32/bin/../lib/gcc/nios2-elf/4.1.2\libgcc.a(_clzsi2.o)
                0x0a80c698                __clzsi2
 .text          0x0a80c718      0x314 c:/altera/12.0/nios2eds/bin/gnu/h-i686-mingw32/bin/../lib/gcc/nios2-elf/4.1.2\libgcc.a(_pack_df.o)
                0x0a80c718                __pack_d
 .text          0x0a80ca2c      0x138 c:/altera/12.0/nios2eds/bin/gnu/h-i686-mingw32/bin/../lib/gcc/nios2-elf/4.1.2\libgcc.a(_unpack_df.o)
                0x0a80ca2c                __unpack_d
 .text          0x0a80cb64       0xc8 c:/altera/12.0/nios2eds/bin/gnu/h-i686-mingw32/bin/../lib/gcc/nios2-elf/4.1.2\libgcc.a(_fpcmp_parts_df.o)
                0x0a80cb64                __fpcmp_parts_d
 .text          0x0a80cc2c      0x15c ../DE2_115_Audio_bsp/\libhal_bsp.a(alt_close.o)
                0x0a80cc2c                close
 .text          0x0a80cd88       0x2c ../DE2_115_Audio_bsp/\libhal_bsp.a(alt_dev.o)
 .text          0x0a80cdb4        0x0 ../DE2_115_Audio_bsp/\libhal_bsp.a(alt_errno.o)
 .text          0x0a80cdb4      0x134 ../DE2_115_Audio_bsp/\libhal_bsp.a(alt_fstat.o)
                0x0a80cdb4                fstat
 .text          0x0a80cee8      0x1c0 ../DE2_115_Audio_bsp/\libhal_bsp.a(alt_irq_register.o)
                0x0a80cee8                alt_irq_register
 .text          0x0a80d0a8        0x0 ../DE2_115_Audio_bsp/\libhal_bsp.a(alt_irq_vars.o)
 .text          0x0a80d0a8      0x120 ../DE2_115_Audio_bsp/\libhal_bsp.a(alt_isatty.o)
                0x0a80d0a8                isatty
 .text          0x0a80d1c8       0xec ../DE2_115_Audio_bsp/\libhal_bsp.a(alt_load.o)
                0x0a80d1c8                alt_load
 .text          0x0a80d2b4      0x150 ../DE2_115_Audio_bsp/\libhal_bsp.a(alt_lseek.o)
                0x0a80d2b4                lseek
 .text          0x0a80d404       0x6c ../DE2_115_Audio_bsp/\libhal_bsp.a(alt_main.o)
                0x0a80d404                alt_main
 .text          0x0a80d470       0x40 ../DE2_115_Audio_bsp/\libhal_bsp.a(alt_malloc_lock.o)
                0x0a80d470                __malloc_lock
                0x0a80d490                __malloc_unlock
 .text          0x0a80d4b0      0x2c4 ../DE2_115_Audio_bsp/\libhal_bsp.a(alt_open.o)
                0x0a80d58c                open
 .text          0x0a80d774      0x180 ../DE2_115_Audio_bsp/\libhal_bsp.a(alt_read.o)
                0x0a80d774                read
 .text          0x0a80d8f4       0x60 ../DE2_115_Audio_bsp/\libhal_bsp.a(alt_release_fd.o)
                0x0a80d8f4                alt_release_fd
 .text          0x0a80d954       0xbc ../DE2_115_Audio_bsp/\libhal_bsp.a(alt_sbrk.o)
                0x0a80d954                sbrk
 .text          0x0a80da10       0x30 ../DE2_115_Audio_bsp/\libhal_bsp.a(alt_usleep.o)
                0x0a80da10                usleep
 .text          0x0a80da40      0x180 ../DE2_115_Audio_bsp/\libhal_bsp.a(alt_write.o)
                0x0a80da40                write
 .text          0x0a80dbc0       0xd4 ../DE2_115_Audio_bsp/\libhal_bsp.a(alt_sys_init.o)
                0x0a80dbc0                alt_irq_init
                0x0a80dbf4                alt_sys_init
 .text          0x0a80dc94      0x8c8 ../DE2_115_Audio_bsp/\libhal_bsp.a(altera_avalon_cfi_flash.o)
                0x0a80dc94                alt_flash_cfi_init
                0x0a80dd68                alt_flash_cfi_write
                0x0a80e028                alt_flash_cfi_get_info
                0x0a80e0b8                alt_flash_cfi_read
                0x0a80e120                alt_write_value_to_flash
                0x0a80e284                alt_flash_program_block
 .text          0x0a80e55c     0x1448 ../DE2_115_Audio_bsp/\libhal_bsp.a(altera_avalon_cfi_flash_table.o)
                0x0a80e55c                alt_read_query_entry_8bit
                0x0a80e59c                alt_read_query_entry_16bit
                0x0a80e5e0                alt_read_query_entry_32bit
                0x0a80e628                alt_write_flash_command_8bit_device_8bit_mode
                0x0a80e664                alt_write_flash_command_16bit_device_8bit_mode
                0x0a80e6e0                alt_write_flash_command_32bit_device_8bit_mode
                0x0a80e728                alt_write_flash_command_16bit_device_16bit_mode
                0x0a80e76c                alt_write_flash_command_32bit_device_16bit_mode
                0x0a80e7b4                alt_write_flash_command_32bit_device_32bit_mode
                0x0a80e7fc                alt_write_native_8bit
                0x0a80e830                alt_write_native_16bit
                0x0a80e864                alt_write_native_32bit
                0x0a80e894                alt_set_flash_width_func
                0x0a80ea74                alt_set_flash_algorithm_func
                0x0a80eb9c                alt_read_cfi_table
                0x0a80f11c                alt_read_cfi_width
                0x0a80f8c8                alt_check_primary_table
 .text          0x0a80f9a4      0x148 ../DE2_115_Audio_bsp/\libhal_bsp.a(altera_avalon_jtag_uart_fd.o)
                0x0a80f9a4                altera_avalon_jtag_uart_read_fd
                0x0a80f9fc                altera_avalon_jtag_uart_write_fd
                0x0a80fa54                altera_avalon_jtag_uart_close_fd
                0x0a80fa9c                altera_avalon_jtag_uart_ioctl_fd
 .text          0x0a80faec      0x40c ../DE2_115_Audio_bsp/\libhal_bsp.a(altera_avalon_jtag_uart_init.o)
                0x0a80faec                altera_avalon_jtag_uart_init
                0x0a80fe84                altera_avalon_jtag_uart_close
 .text          0x0a80fef8       0xf4 ../DE2_115_Audio_bsp/\libhal_bsp.a(altera_avalon_jtag_uart_ioctl.o)
                0x0a80fef8                altera_avalon_jtag_uart_ioctl
 .text          0x0a80ffec      0x224 ../DE2_115_Audio_bsp/\libhal_bsp.a(altera_avalon_jtag_uart_read.o)
                0x0a80ffec                altera_avalon_jtag_uart_read
 .text          0x0a810210      0x240 ../DE2_115_Audio_bsp/\libhal_bsp.a(altera_avalon_jtag_uart_write.o)
                0x0a810210                altera_avalon_jtag_uart_write
 .text          0x0a810450      0xee8 ../DE2_115_Audio_bsp/\libhal_bsp.a(altera_avalon_lcd_16207.o)
                0x0a810c24                altera_avalon_lcd_16207_write
                0x0a8111fc                altera_avalon_lcd_16207_init
 .text          0x0a811338       0x58 ../DE2_115_Audio_bsp/\libhal_bsp.a(altera_avalon_lcd_16207_fd.o)
                0x0a811338                altera_avalon_lcd_16207_write_fd
 .text          0x0a811390      0x154 ../DE2_115_Audio_bsp/\libhal_bsp.a(alt_alarm_start.o)
                0x0a811390                alt_alarm_start
 .text          0x0a8114e4      0x14c ../DE2_115_Audio_bsp/\libhal_bsp.a(alt_busy_sleep.o)
                0x0a8114e4                alt_busy_sleep
 .text          0x0a811630       0x78 ../DE2_115_Audio_bsp/\libhal_bsp.a(alt_dcache_flush.o)
                0x0a811630                alt_dcache_flush
 .text          0x0a8116a8       0x44 ../DE2_115_Audio_bsp/\libhal_bsp.a(alt_dcache_flush_all.o)
                0x0a8116a8                alt_dcache_flush_all
 .text          0x0a8116ec      0x114 ../DE2_115_Audio_bsp/\libhal_bsp.a(alt_dev_llist_insert.o)
                0x0a8116ec                alt_dev_llist_insert
 .text          0x0a811800       0x64 ../DE2_115_Audio_bsp/\libhal_bsp.a(alt_do_ctors.o)
                0x0a811800                _do_ctors
 .text          0x0a811864       0x64 ../DE2_115_Audio_bsp/\libhal_bsp.a(alt_do_dtors.o)
                0x0a811864                _do_dtors
 .text          0x0a8118c8       0x94 ../DE2_115_Audio_bsp/\libhal_bsp.a(alt_find_dev.o)
                0x0a8118c8                alt_find_dev
 .text          0x0a81195c      0x120 ../DE2_115_Audio_bsp/\libhal_bsp.a(alt_find_file.o)
                0x0a81195c                alt_find_file
 .text          0x0a811a7c       0xd0 ../DE2_115_Audio_bsp/\libhal_bsp.a(alt_flash_dev.o)
                0x0a811a7c                alt_flash_open_dev
                0x0a811af8                alt_flash_close_dev
 .text          0x0a811b4c       0xb8 ../DE2_115_Audio_bsp/\libhal_bsp.a(alt_get_fd.o)
                0x0a811b4c                alt_get_fd
 .text          0x0a811c04       0x30 ../DE2_115_Audio_bsp/\libhal_bsp.a(alt_icache_flush_all.o)
                0x0a811c04                alt_icache_flush_all
 .text          0x0a811c34      0x1d4 ../DE2_115_Audio_bsp/\libhal_bsp.a(alt_iic.o)
                0x0a811c34                alt_ic_isr_register
                0x0a811c84                alt_ic_irq_enable
                0x0a811d20                alt_ic_irq_disable
                0x0a811dc0                alt_ic_irq_enabled
 .text          0x0a811e08       0xf8 ../DE2_115_Audio_bsp/\libhal_bsp.a(alt_iic_isr_register.o)
                0x0a811e08                alt_iic_isr_register
 .text          0x0a811f00      0x13c ../DE2_115_Audio_bsp/\libhal_bsp.a(alt_io_redirect.o)
                0x0a811fc4                alt_io_redirect
 .text          0x0a81203c        0x0 ../DE2_115_Audio_bsp/\libhal_bsp.a(alt_irq_entry.o)
 .text          0x0a81203c        0x0 ../DE2_115_Audio_bsp/\libhal_bsp.a(alt_irq_handler.o)
 .text          0x0a81203c      0x1a4 ../DE2_115_Audio_bsp/\libhal_bsp.a(alt_tick.o)
                0x0a81203c                alt_alarm_stop
                0x0a8120d4                alt_tick
 .text          0x0a8121e0       0x20 ../DE2_115_Audio_bsp/\libhal_bsp.a(altera_nios2_qsys_irq.o)
                0x0a8121e0                altera_nios2_qsys_irq_init
 .text          0x0a812200      0x460 ../DE2_115_Audio_bsp/\libhal_bsp.a(altera_avalon_cfi_flash_amd.o)
                0x0a812200                alt_program_amd
                0x0a812268                alt_erase_block_amd
 .text          0x0a812660      0x460 ../DE2_115_Audio_bsp/\libhal_bsp.a(altera_avalon_cfi_flash_intel.o)
                0x0a812660                alt_program_intel
                0x0a8126e4                alt_erase_block_intel
 .text          0x0a812ac0        0x0 ../DE2_115_Audio_bsp/\libhal_bsp.a(alt_exception_entry.o)
 .text          0x0a812ac0       0x90 ../DE2_115_Audio_bsp/\libhal_bsp.a(alt_icache_flush.o)
                0x0a812ac0                alt_icache_flush
 .text          0x0a812b50       0x14 c:/altera/12.0/nios2eds/bin/gnu/h-i686-mingw32/bin/../lib/gcc/nios2-elf/4.1.2/../../../../nios2-elf/lib\libc.a(lib_a-atexit.o)
                0x0a812b50                atexit
 .text          0x0a812b64        0x0 c:/altera/12.0/nios2eds/bin/gnu/h-i686-mingw32/bin/../lib/gcc/nios2-elf/4.1.2/../../../../nios2-elf/lib\libc.a(lib_a-ctype_.o)
 .text          0x0a812b64       0x38 c:/altera/12.0/nios2eds/bin/gnu/h-i686-mingw32/bin/../lib/gcc/nios2-elf/4.1.2/../../../../nios2-elf/lib\libc.a(lib_a-exit.o)
                0x0a812b64                exit
 .text          0x0a812b9c       0x74 c:/altera/12.0/nios2eds/bin/gnu/h-i686-mingw32/bin/../lib/gcc/nios2-elf/4.1.2/../../../../nios2-elf/lib\libc.a(lib_a-memcmp.o)
                0x0a812b9c                memcmp
 .text          0x0a812c10      0x134 c:/altera/12.0/nios2eds/bin/gnu/h-i686-mingw32/bin/../lib/gcc/nios2-elf/4.1.2/../../../../nios2-elf/lib\libc.a(lib_a-__atexit.o)
                0x0a812c10                __register_exitproc
 .text          0x0a812d44      0x1b4 c:/altera/12.0/nios2eds/bin/gnu/h-i686-mingw32/bin/../lib/gcc/nios2-elf/4.1.2/../../../../nios2-elf/lib\libc.a(lib_a-__call_atexit.o)
                0x0a812d48                __call_exitprocs
 .text          0x0a812ef8       0x60 ../DE2_115_Audio_bsp/\libhal_bsp.a(alt_exit.o)
                0x0a812f38                _exit
 *(.gnu.warning.*)
 *(.fini)
                0x0a812f58                PROVIDE (__etext, ABSOLUTE (.))
                0x0a812f58                PROVIDE (_etext, ABSOLUTE (.))
                0x0a812f58                PROVIDE (etext, ABSOLUTE (.))
 *(.eh_frame_hdr)
                0x0a812f58                . = ALIGN (0x4)
                0x0a812f58                PROVIDE (__preinit_array_start, ABSOLUTE (.))
 *(.preinit_array)
                0x0a812f58                PROVIDE (__preinit_array_end, ABSOLUTE (.))
                0x0a812f58                PROVIDE (__init_array_start, ABSOLUTE (.))
 *(.init_array)
                0x0a812f58                PROVIDE (__init_array_end, ABSOLUTE (.))
                0x0a812f58                PROVIDE (__fini_array_start, ABSOLUTE (.))
 *(.fini_array)
                0x0a812f58                PROVIDE (__fini_array_end, ABSOLUTE (.))
 *(.eh_frame)
 .eh_frame      0x0a812f58       0x40 c:/altera/12.0/nios2eds/bin/gnu/h-i686-mingw32/bin/../lib/gcc/nios2-elf/4.1.2\libgcc.a(_udivdi3.o)
 .eh_frame      0x0a812f98       0x2c c:/altera/12.0/nios2eds/bin/gnu/h-i686-mingw32/bin/../lib/gcc/nios2-elf/4.1.2\libgcc.a(_umoddi3.o)
                                 0x40 (size before relaxing)
 *(.gcc_except_table)
 *(.dynamic)
                0x0a812fc4                PROVIDE (__CTOR_LIST__, ABSOLUTE (.))
 *(.ctors)
 *(SORT(.ctors.*))
 .ctors.65535   0x0a812fc4        0x4 c:/altera/12.0/nios2eds/bin/gnu/h-i686-mingw32/bin/../lib/gcc/nios2-elf/4.1.2/../../../../nios2-elf/lib\libc.a(lib_a-__call_atexit.o)
                0x0a812fc8                PROVIDE (__CTOR_END__, ABSOLUTE (.))
                0x0a812fc8                PROVIDE (__DTOR_LIST__, ABSOLUTE (.))
 *(.dtors)
 *(SORT(.dtors.*))
                0x0a812fc8                PROVIDE (__DTOR_END__, ABSOLUTE (.))
 *(.jcr)
                0x0a812fc8                . = ALIGN (0x4)

.rodata         0x0a812fc8     0x11e8
                0x0a812fc8                PROVIDE (__ram_rodata_start, ABSOLUTE (.))
                0x0a812fc8                . = ALIGN (0x4)
 *(.rodata .rodata.* .gnu.linkonce.r.*)
 .rodata        0x0a812fc8       0xd4 obj/default/AUDIO.o
 .rodata        0x0a81309c       0x88 obj/default/I2C.o
 .rodata        0x0a813124       0x30 obj/default/LCD.o
 .rodata        0x0a813154       0x10 obj/default/debug.o
 .rodata        0x0a813164      0xa70 obj/default/main.o
                0x0a8131cc                szMenu
 .rodata.str1.4
                0x0a813bd4        0x2 c:/altera/12.0/nios2eds/bin/gnu/h-i686-mingw32/bin/../lib/gcc/nios2-elf/4.1.2/../../../../nios2-elf/lib\libc.a(lib_a-impure.o)
                                  0x4 (size before relaxing)
 *fill*         0x0a813bd6        0x2 00
 .rodata.str1.4
                0x0a813bd8        0x2 c:/altera/12.0/nios2eds/bin/gnu/h-i686-mingw32/bin/../lib/gcc/nios2-elf/4.1.2/../../../../nios2-elf/lib\libc.a(lib_a-puts.o)
                                  0x4 (size before relaxing)
 *fill*         0x0a813bda        0x2 00
 .rodata.str1.4
                0x0a813bdc       0x5e c:/altera/12.0/nios2eds/bin/gnu/h-i686-mingw32/bin/../lib/gcc/nios2-elf/4.1.2/../../../../nios2-elf/lib\libc.a(lib_a-vfprintf.o)
                                 0x60 (size before relaxing)
 .rodata        0x0a813c3a       0x20 c:/altera/12.0/nios2eds/bin/gnu/h-i686-mingw32/bin/../lib/gcc/nios2-elf/4.1.2/../../../../nios2-elf/lib\libc.a(lib_a-vfprintf.o)
 *fill*         0x0a813c5a        0x2 00
 .rodata.str1.4
                0x0a813c5c       0x10 c:/altera/12.0/nios2eds/bin/gnu/h-i686-mingw32/bin/../lib/gcc/nios2-elf/4.1.2/../../../../nios2-elf/lib\libc.a(lib_a-dtoa.o)
                                 0x14 (size before relaxing)
 .rodata.str1.4
                0x0a813c6c       0x10 c:/altera/12.0/nios2eds/bin/gnu/h-i686-mingw32/bin/../lib/gcc/nios2-elf/4.1.2/../../../../nios2-elf/lib\libc.a(lib_a-locale.o)
                                 0x18 (size before relaxing)
 .rodata        0x0a813c7c       0x30 c:/altera/12.0/nios2eds/bin/gnu/h-i686-mingw32/bin/../lib/gcc/nios2-elf/4.1.2/../../../../nios2-elf/lib\libc.a(lib_a-locale.o)
 .rodata        0x0a813cac      0x124 c:/altera/12.0/nios2eds/bin/gnu/h-i686-mingw32/bin/../lib/gcc/nios2-elf/4.1.2/../../../../nios2-elf/lib\libc.a(lib_a-mprec.o)
                0x0a813cac                __mprec_tens
                0x0a813d74                __mprec_bigtens
                0x0a813d9c                __mprec_tinytens
 .rodata        0x0a813dd0       0x14 c:/altera/12.0/nios2eds/bin/gnu/h-i686-mingw32/bin/../lib/gcc/nios2-elf/4.1.2\libgcc.a(_thenan_df.o)
                0x0a813dd0                __thenan_df
 .rodata        0x0a813de4      0x100 c:/altera/12.0/nios2eds/bin/gnu/h-i686-mingw32/bin/../lib/gcc/nios2-elf/4.1.2\libgcc.a(_clz.o)
                0x0a813de4                __clz_tab
 .rodata        0x0a813ee4        0xc ../DE2_115_Audio_bsp/\libhal_bsp.a(alt_dev.o)
 .rodata        0x0a813ef0       0x10 ../DE2_115_Audio_bsp/\libhal_bsp.a(alt_main.o)
 .rodata        0x0a813f00       0x2c ../DE2_115_Audio_bsp/\libhal_bsp.a(alt_sys_init.o)
 .rodata        0x0a813f2c      0x281 c:/altera/12.0/nios2eds/bin/gnu/h-i686-mingw32/bin/../lib/gcc/nios2-elf/4.1.2/../../../../nios2-elf/lib\libc.a(lib_a-ctype_.o)
                0x0a813f2c                _ctype_
 *(.rodata1)
                0x0a8141b0                . = ALIGN (0x4)
 *fill*         0x0a8141ad        0x3 00
                0x0a8141b0                PROVIDE (__ram_rodata_end, ABSOLUTE (.))
                0x0a812fc8                PROVIDE (__flash_rodata_start, LOADADDR (.rodata))

.rwdata         0x0a8141b0     0x1c74 load address 0x0a815e24
                0x0a8141b0                PROVIDE (__ram_rwdata_start, ABSOLUTE (.))
                0x0a8141b0                . = ALIGN (0x4)
 *(.got.plt)
 *(.got)
 *(.data1)
 *(.data .data.* .gnu.linkonce.d.*)
 .data          0x0a8141b0        0x0 ../DE2_115_Audio_bsp//obj/HAL/src/crt0.o
 .data          0x0a8141b0        0x0 obj/default/AUDIO.o
 .data          0x0a8141b0        0x0 obj/default/I2C.o
 .data          0x0a8141b0        0x0 obj/default/LCD.o
 .data          0x0a8141b0        0x0 obj/default/LED.o
 .data          0x0a8141b0       0x10 obj/default/SEG7.o
 .data          0x0a8141c0        0x0 obj/default/debug.o
 .data          0x0a8141c0        0x0 obj/default/main.o
 .data          0x0a8141c0        0x0 c:/altera/12.0/nios2eds/bin/gnu/h-i686-mingw32/bin/../lib/gcc/nios2-elf/4.1.2\libgcc.a(lib2-divmod.o)
 .data          0x0a8141c0        0x0 c:/altera/12.0/nios2eds/bin/gnu/h-i686-mingw32/bin/../lib/gcc/nios2-elf/4.1.2/../../../../nios2-elf/lib\libc.a(lib_a-fclose.o)
 .data          0x0a8141c0        0x0 c:/altera/12.0/nios2eds/bin/gnu/h-i686-mingw32/bin/../lib/gcc/nios2-elf/4.1.2/../../../../nios2-elf/lib\libc.a(lib_a-fflush.o)
 .data          0x0a8141c0        0x0 c:/altera/12.0/nios2eds/bin/gnu/h-i686-mingw32/bin/../lib/gcc/nios2-elf/4.1.2/../../../../nios2-elf/lib\libc.a(lib_a-findfp.o)
 .data          0x0a8141c0        0x0 c:/altera/12.0/nios2eds/bin/gnu/h-i686-mingw32/bin/../lib/gcc/nios2-elf/4.1.2/../../../../nios2-elf/lib\libc.a(lib_a-fopen.o)
 .data          0x0a8141c0        0x0 c:/altera/12.0/nios2eds/bin/gnu/h-i686-mingw32/bin/../lib/gcc/nios2-elf/4.1.2/../../../../nios2-elf/lib\libc.a(lib_a-freer.o)
 .data          0x0a8141c0        0x0 c:/altera/12.0/nios2eds/bin/gnu/h-i686-mingw32/bin/../lib/gcc/nios2-elf/4.1.2/../../../../nios2-elf/lib\libc.a(lib_a-fseek.o)
 .data          0x0a8141c0        0x0 c:/altera/12.0/nios2eds/bin/gnu/h-i686-mingw32/bin/../lib/gcc/nios2-elf/4.1.2/../../../../nios2-elf/lib\libc.a(lib_a-fstatr.o)
 .data          0x0a8141c0        0x0 c:/altera/12.0/nios2eds/bin/gnu/h-i686-mingw32/bin/../lib/gcc/nios2-elf/4.1.2/../../../../nios2-elf/lib\libc.a(lib_a-fwalk.o)
 .data          0x0a8141c0        0x0 c:/altera/12.0/nios2eds/bin/gnu/h-i686-mingw32/bin/../lib/gcc/nios2-elf/4.1.2/../../../../nios2-elf/lib\libc.a(lib_a-fwrite.o)
 .data          0x0a8141c0      0x400 c:/altera/12.0/nios2eds/bin/gnu/h-i686-mingw32/bin/../lib/gcc/nios2-elf/4.1.2/../../../../nios2-elf/lib\libc.a(lib_a-impure.o)
 .data          0x0a8145c0        0x0 c:/altera/12.0/nios2eds/bin/gnu/h-i686-mingw32/bin/../lib/gcc/nios2-elf/4.1.2/../../../../nios2-elf/lib\libc.a(lib_a-int_errno.o)
 .data          0x0a8145c0        0x0 c:/altera/12.0/nios2eds/bin/gnu/h-i686-mingw32/bin/../lib/gcc/nios2-elf/4.1.2/../../../../nios2-elf/lib\libc.a(lib_a-makebuf.o)
 .data          0x0a8145c0      0x408 c:/altera/12.0/nios2eds/bin/gnu/h-i686-mingw32/bin/../lib/gcc/nios2-elf/4.1.2/../../../../nios2-elf/lib\libc.a(lib_a-mallocr.o)
                0x0a8145c0                __malloc_av_
 .data          0x0a8149c8        0x0 c:/altera/12.0/nios2eds/bin/gnu/h-i686-mingw32/bin/../lib/gcc/nios2-elf/4.1.2/../../../../nios2-elf/lib\libc.a(lib_a-memset.o)
 .data          0x0a8149c8        0x0 c:/altera/12.0/nios2eds/bin/gnu/h-i686-mingw32/bin/../lib/gcc/nios2-elf/4.1.2/../../../../nios2-elf/lib\libc.a(lib_a-openr.o)
 .data          0x0a8149c8        0x0 c:/altera/12.0/nios2eds/bin/gnu/h-i686-mingw32/bin/../lib/gcc/nios2-elf/4.1.2/../../../../nios2-elf/lib\libc.a(lib_a-printf.o)
 .data          0x0a8149c8        0x0 c:/altera/12.0/nios2eds/bin/gnu/h-i686-mingw32/bin/../lib/gcc/nios2-elf/4.1.2/../../../../nios2-elf/lib\libc.a(lib_a-puts.o)
 .data          0x0a8149c8        0x0 c:/altera/12.0/nios2eds/bin/gnu/h-i686-mingw32/bin/../lib/gcc/nios2-elf/4.1.2/../../../../nios2-elf/lib\libc.a(lib_a-refill.o)
 .data          0x0a8149c8        0x0 c:/altera/12.0/nios2eds/bin/gnu/h-i686-mingw32/bin/../lib/gcc/nios2-elf/4.1.2/../../../../nios2-elf/lib\libc.a(lib_a-sbrkr.o)
 .data          0x0a8149c8        0x0 c:/altera/12.0/nios2eds/bin/gnu/h-i686-mingw32/bin/../lib/gcc/nios2-elf/4.1.2/../../../../nios2-elf/lib\libc.a(lib_a-sprintf.o)
 .data          0x0a8149c8        0x0 c:/altera/12.0/nios2eds/bin/gnu/h-i686-mingw32/bin/../lib/gcc/nios2-elf/4.1.2/../../../../nios2-elf/lib\libc.a(lib_a-stdio.o)
 .data          0x0a8149c8        0x0 c:/altera/12.0/nios2eds/bin/gnu/h-i686-mingw32/bin/../lib/gcc/nios2-elf/4.1.2/../../../../nios2-elf/lib\libc.a(lib_a-strlen.o)
 .data          0x0a8149c8        0x0 c:/altera/12.0/nios2eds/bin/gnu/h-i686-mingw32/bin/../lib/gcc/nios2-elf/4.1.2/../../../../nios2-elf/lib\libc.a(lib_a-vfprintf.o)
 .data          0x0a8149c8        0x0 c:/altera/12.0/nios2eds/bin/gnu/h-i686-mingw32/bin/../lib/gcc/nios2-elf/4.1.2/../../../../nios2-elf/lib\libc.a(lib_a-vsnprintf.o)
 .data          0x0a8149c8        0x0 c:/altera/12.0/nios2eds/bin/gnu/h-i686-mingw32/bin/../lib/gcc/nios2-elf/4.1.2/../../../../nios2-elf/lib\libc.a(lib_a-writer.o)
 .data          0x0a8149c8        0x0 c:/altera/12.0/nios2eds/bin/gnu/h-i686-mingw32/bin/../lib/gcc/nios2-elf/4.1.2/../../../../nios2-elf/lib\libc.a(lib_a-wsetup.o)
 .data          0x0a8149c8        0x0 c:/altera/12.0/nios2eds/bin/gnu/h-i686-mingw32/bin/../lib/gcc/nios2-elf/4.1.2/../../../../nios2-elf/lib\libc.a(lib_a-closer.o)
 .data          0x0a8149c8        0x0 c:/altera/12.0/nios2eds/bin/gnu/h-i686-mingw32/bin/../lib/gcc/nios2-elf/4.1.2/../../../../nios2-elf/lib\libc.a(lib_a-dtoa.o)
 .data          0x0a8149c8        0x0 c:/altera/12.0/nios2eds/bin/gnu/h-i686-mingw32/bin/../lib/gcc/nios2-elf/4.1.2/../../../../nios2-elf/lib\libc.a(lib_a-flags.o)
 .data          0x0a8149c8        0x0 c:/altera/12.0/nios2eds/bin/gnu/h-i686-mingw32/bin/../lib/gcc/nios2-elf/4.1.2/../../../../nios2-elf/lib\libc.a(lib_a-fvwrite.o)
 .data          0x0a8149c8        0x0 c:/altera/12.0/nios2eds/bin/gnu/h-i686-mingw32/bin/../lib/gcc/nios2-elf/4.1.2/../../../../nios2-elf/lib\libc.a(lib_a-isattyr.o)
 .data          0x0a8149c8        0xc c:/altera/12.0/nios2eds/bin/gnu/h-i686-mingw32/bin/../lib/gcc/nios2-elf/4.1.2/../../../../nios2-elf/lib\libc.a(lib_a-locale.o)
                0x0a8149c8                __lc_ctype
 .data          0x0a8149d4        0x0 c:/altera/12.0/nios2eds/bin/gnu/h-i686-mingw32/bin/../lib/gcc/nios2-elf/4.1.2/../../../../nios2-elf/lib\libc.a(lib_a-lseekr.o)
 .data          0x0a8149d4        0x0 c:/altera/12.0/nios2eds/bin/gnu/h-i686-mingw32/bin/../lib/gcc/nios2-elf/4.1.2/../../../../nios2-elf/lib\libc.a(lib_a-memchr.o)
 .data          0x0a8149d4        0x0 c:/altera/12.0/nios2eds/bin/gnu/h-i686-mingw32/bin/../lib/gcc/nios2-elf/4.1.2/../../../../nios2-elf/lib\libc.a(lib_a-memcpy.o)
 .data          0x0a8149d4        0x0 c:/altera/12.0/nios2eds/bin/gnu/h-i686-mingw32/bin/../lib/gcc/nios2-elf/4.1.2/../../../../nios2-elf/lib\libc.a(lib_a-memmove.o)
 .data          0x0a8149d4        0x0 c:/altera/12.0/nios2eds/bin/gnu/h-i686-mingw32/bin/../lib/gcc/nios2-elf/4.1.2/../../../../nios2-elf/lib\libc.a(lib_a-mprec.o)
 .data          0x0a8149d4        0x0 c:/altera/12.0/nios2eds/bin/gnu/h-i686-mingw32/bin/../lib/gcc/nios2-elf/4.1.2/../../../../nios2-elf/lib\libc.a(lib_a-readr.o)
 .data          0x0a8149d4        0x0 c:/altera/12.0/nios2eds/bin/gnu/h-i686-mingw32/bin/../lib/gcc/nios2-elf/4.1.2/../../../../nios2-elf/lib\libc.a(lib_a-reallocr.o)
 .data          0x0a8149d4        0x0 c:/altera/12.0/nios2eds/bin/gnu/h-i686-mingw32/bin/../lib/gcc/nios2-elf/4.1.2/../../../../nios2-elf/lib\libc.a(lib_a-s_isinfd.o)
 .data          0x0a8149d4        0x0 c:/altera/12.0/nios2eds/bin/gnu/h-i686-mingw32/bin/../lib/gcc/nios2-elf/4.1.2/../../../../nios2-elf/lib\libc.a(lib_a-s_isnand.o)
 .data          0x0a8149d4        0x0 c:/altera/12.0/nios2eds/bin/gnu/h-i686-mingw32/bin/../lib/gcc/nios2-elf/4.1.2/../../../../nios2-elf/lib\libc.a(lib_a-strcmp.o)
 .data          0x0a8149d4        0x0 c:/altera/12.0/nios2eds/bin/gnu/h-i686-mingw32/bin/../lib/gcc/nios2-elf/4.1.2/../../../../nios2-elf/lib\libc.a(lib_a-callocr.o)
 .data          0x0a8149d4        0x0 c:/altera/12.0/nios2eds/bin/gnu/h-i686-mingw32/bin/../lib/gcc/nios2-elf/4.1.2\libgcc.a(_udivdi3.o)
 .data          0x0a8149d4        0x0 c:/altera/12.0/nios2eds/bin/gnu/h-i686-mingw32/bin/../lib/gcc/nios2-elf/4.1.2\libgcc.a(_umoddi3.o)
 .data          0x0a8149d4        0x0 c:/altera/12.0/nios2eds/bin/gnu/h-i686-mingw32/bin/../lib/gcc/nios2-elf/4.1.2\libgcc.a(_addsub_df.o)
 .data          0x0a8149d4        0x0 c:/altera/12.0/nios2eds/bin/gnu/h-i686-mingw32/bin/../lib/gcc/nios2-elf/4.1.2\libgcc.a(_mul_df.o)
 .data          0x0a8149d4        0x0 c:/altera/12.0/nios2eds/bin/gnu/h-i686-mingw32/bin/../lib/gcc/nios2-elf/4.1.2\libgcc.a(_div_df.o)
 .data          0x0a8149d4        0x0 c:/altera/12.0/nios2eds/bin/gnu/h-i686-mingw32/bin/../lib/gcc/nios2-elf/4.1.2\libgcc.a(_eq_df.o)
 .data          0x0a8149d4        0x0 c:/altera/12.0/nios2eds/bin/gnu/h-i686-mingw32/bin/../lib/gcc/nios2-elf/4.1.2\libgcc.a(_ne_df.o)
 .data          0x0a8149d4        0x0 c:/altera/12.0/nios2eds/bin/gnu/h-i686-mingw32/bin/../lib/gcc/nios2-elf/4.1.2\libgcc.a(_gt_df.o)
 .data          0x0a8149d4        0x0 c:/altera/12.0/nios2eds/bin/gnu/h-i686-mingw32/bin/../lib/gcc/nios2-elf/4.1.2\libgcc.a(_ge_df.o)
 .data          0x0a8149d4        0x0 c:/altera/12.0/nios2eds/bin/gnu/h-i686-mingw32/bin/../lib/gcc/nios2-elf/4.1.2\libgcc.a(_lt_df.o)
 .data          0x0a8149d4        0x0 c:/altera/12.0/nios2eds/bin/gnu/h-i686-mingw32/bin/../lib/gcc/nios2-elf/4.1.2\libgcc.a(_si_to_df.o)
 .data          0x0a8149d4        0x0 c:/altera/12.0/nios2eds/bin/gnu/h-i686-mingw32/bin/../lib/gcc/nios2-elf/4.1.2\libgcc.a(_df_to_si.o)
 .data          0x0a8149d4        0x0 c:/altera/12.0/nios2eds/bin/gnu/h-i686-mingw32/bin/../lib/gcc/nios2-elf/4.1.2\libgcc.a(_thenan_df.o)
 .data          0x0a8149d4        0x0 c:/altera/12.0/nios2eds/bin/gnu/h-i686-mingw32/bin/../lib/gcc/nios2-elf/4.1.2\libgcc.a(_usi_to_df.o)
 .data          0x0a8149d4        0x0 c:/altera/12.0/nios2eds/bin/gnu/h-i686-mingw32/bin/../lib/gcc/nios2-elf/4.1.2\libgcc.a(_muldi3.o)
 .data          0x0a8149d4        0x0 c:/altera/12.0/nios2eds/bin/gnu/h-i686-mingw32/bin/../lib/gcc/nios2-elf/4.1.2\libgcc.a(_clz.o)
 .data          0x0a8149d4        0x0 c:/altera/12.0/nios2eds/bin/gnu/h-i686-mingw32/bin/../lib/gcc/nios2-elf/4.1.2\libgcc.a(_clzsi2.o)
 .data          0x0a8149d4        0x0 c:/altera/12.0/nios2eds/bin/gnu/h-i686-mingw32/bin/../lib/gcc/nios2-elf/4.1.2\libgcc.a(_pack_df.o)
 .data          0x0a8149d4        0x0 c:/altera/12.0/nios2eds/bin/gnu/h-i686-mingw32/bin/../lib/gcc/nios2-elf/4.1.2\libgcc.a(_unpack_df.o)
 .data          0x0a8149d4        0x0 c:/altera/12.0/nios2eds/bin/gnu/h-i686-mingw32/bin/../lib/gcc/nios2-elf/4.1.2\libgcc.a(_fpcmp_parts_df.o)
 .data          0x0a8149d4        0x0 ../DE2_115_Audio_bsp/\libhal_bsp.a(alt_close.o)
 .data          0x0a8149d4      0x1a8 ../DE2_115_Audio_bsp/\libhal_bsp.a(alt_dev.o)
                0x0a8149d4                alt_dev_null
                0x0a8149fc                alt_fd_list
 .data          0x0a814b7c        0x0 ../DE2_115_Audio_bsp/\libhal_bsp.a(alt_errno.o)
 .data          0x0a814b7c        0x0 ../DE2_115_Audio_bsp/\libhal_bsp.a(alt_fstat.o)
 .data          0x0a814b7c        0x0 ../DE2_115_Audio_bsp/\libhal_bsp.a(alt_irq_register.o)
 .data          0x0a814b7c        0x0 ../DE2_115_Audio_bsp/\libhal_bsp.a(alt_irq_vars.o)
 .data          0x0a814b7c        0x0 ../DE2_115_Audio_bsp/\libhal_bsp.a(alt_isatty.o)
 .data          0x0a814b7c        0x0 ../DE2_115_Audio_bsp/\libhal_bsp.a(alt_load.o)
 .data          0x0a814b7c        0x0 ../DE2_115_Audio_bsp/\libhal_bsp.a(alt_lseek.o)
 .data          0x0a814b7c        0x0 ../DE2_115_Audio_bsp/\libhal_bsp.a(alt_main.o)
 .data          0x0a814b7c        0x0 ../DE2_115_Audio_bsp/\libhal_bsp.a(alt_malloc_lock.o)
 .data          0x0a814b7c        0x0 ../DE2_115_Audio_bsp/\libhal_bsp.a(alt_open.o)
 .data          0x0a814b7c        0x0 ../DE2_115_Audio_bsp/\libhal_bsp.a(alt_read.o)
 .data          0x0a814b7c        0x0 ../DE2_115_Audio_bsp/\libhal_bsp.a(alt_release_fd.o)
 .data          0x0a814b7c        0x0 ../DE2_115_Audio_bsp/\libhal_bsp.a(alt_sbrk.o)
 .data          0x0a814b7c        0x0 ../DE2_115_Audio_bsp/\libhal_bsp.a(alt_usleep.o)
 .data          0x0a814b7c        0x0 ../DE2_115_Audio_bsp/\libhal_bsp.a(alt_write.o)
 .data          0x0a814b7c     0x1258 ../DE2_115_Audio_bsp/\libhal_bsp.a(alt_sys_init.o)
 .data          0x0a815dd4        0x0 ../DE2_115_Audio_bsp/\libhal_bsp.a(altera_avalon_cfi_flash.o)
 .data          0x0a815dd4        0x0 ../DE2_115_Audio_bsp/\libhal_bsp.a(altera_avalon_cfi_flash_table.o)
 .data          0x0a815dd4        0x0 ../DE2_115_Audio_bsp/\libhal_bsp.a(altera_avalon_jtag_uart_fd.o)
 .data          0x0a815dd4        0x0 ../DE2_115_Audio_bsp/\libhal_bsp.a(altera_avalon_jtag_uart_init.o)
 .data          0x0a815dd4        0x0 ../DE2_115_Audio_bsp/\libhal_bsp.a(altera_avalon_jtag_uart_ioctl.o)
 .data          0x0a815dd4        0x0 ../DE2_115_Audio_bsp/\libhal_bsp.a(altera_avalon_jtag_uart_read.o)
 .data          0x0a815dd4        0x0 ../DE2_115_Audio_bsp/\libhal_bsp.a(altera_avalon_jtag_uart_write.o)
 .data          0x0a815dd4        0x0 ../DE2_115_Audio_bsp/\libhal_bsp.a(altera_avalon_lcd_16207.o)
 .data          0x0a815dd4        0x0 ../DE2_115_Audio_bsp/\libhal_bsp.a(altera_avalon_lcd_16207_fd.o)
 .data          0x0a815dd4        0x0 ../DE2_115_Audio_bsp/\libhal_bsp.a(alt_alarm_start.o)
 .data          0x0a815dd4        0x0 ../DE2_115_Audio_bsp/\libhal_bsp.a(alt_busy_sleep.o)
 .data          0x0a815dd4        0x0 ../DE2_115_Audio_bsp/\libhal_bsp.a(alt_dcache_flush.o)
 .data          0x0a815dd4        0x0 ../DE2_115_Audio_bsp/\libhal_bsp.a(alt_dcache_flush_all.o)
 .data          0x0a815dd4        0x0 ../DE2_115_Audio_bsp/\libhal_bsp.a(alt_dev_llist_insert.o)
 .data          0x0a815dd4        0x0 ../DE2_115_Audio_bsp/\libhal_bsp.a(alt_do_ctors.o)
 .data          0x0a815dd4        0x0 ../DE2_115_Audio_bsp/\libhal_bsp.a(alt_do_dtors.o)
 .data          0x0a815dd4        0x0 ../DE2_115_Audio_bsp/\libhal_bsp.a(alt_find_dev.o)
 .data          0x0a815dd4        0x0 ../DE2_115_Audio_bsp/\libhal_bsp.a(alt_find_file.o)
 .data          0x0a815dd4        0x0 ../DE2_115_Audio_bsp/\libhal_bsp.a(alt_flash_dev.o)
 .data          0x0a815dd4        0x0 ../DE2_115_Audio_bsp/\libhal_bsp.a(alt_get_fd.o)
 .data          0x0a815dd4        0x0 ../DE2_115_Audio_bsp/\libhal_bsp.a(alt_icache_flush_all.o)
 .data          0x0a815dd4        0x0 ../DE2_115_Audio_bsp/\libhal_bsp.a(alt_iic.o)
 .data          0x0a815dd4        0x0 ../DE2_115_Audio_bsp/\libhal_bsp.a(alt_iic_isr_register.o)
 .data          0x0a815dd4        0x0 ../DE2_115_Audio_bsp/\libhal_bsp.a(alt_io_redirect.o)
 .data          0x0a815dd4        0x0 ../DE2_115_Audio_bsp/\libhal_bsp.a(alt_irq_entry.o)
 .data          0x0a815dd4        0x0 ../DE2_115_Audio_bsp/\libhal_bsp.a(alt_irq_handler.o)
 .data          0x0a815dd4        0x0 ../DE2_115_Audio_bsp/\libhal_bsp.a(alt_tick.o)
 .data          0x0a815dd4        0x0 ../DE2_115_Audio_bsp/\libhal_bsp.a(altera_nios2_qsys_irq.o)
 .data          0x0a815dd4        0x0 ../DE2_115_Audio_bsp/\libhal_bsp.a(altera_avalon_cfi_flash_amd.o)
 .data          0x0a815dd4        0x0 ../DE2_115_Audio_bsp/\libhal_bsp.a(altera_avalon_cfi_flash_intel.o)
 .data          0x0a815dd4        0x0 ../DE2_115_Audio_bsp/\libhal_bsp.a(alt_exception_entry.o)
 .data          0x0a815dd4        0x0 ../DE2_115_Audio_bsp/\libhal_bsp.a(alt_icache_flush.o)
 .data          0x0a815dd4        0x0 c:/altera/12.0/nios2eds/bin/gnu/h-i686-mingw32/bin/../lib/gcc/nios2-elf/4.1.2/../../../../nios2-elf/lib\libc.a(lib_a-atexit.o)
 .data          0x0a815dd4        0x0 c:/altera/12.0/nios2eds/bin/gnu/h-i686-mingw32/bin/../lib/gcc/nios2-elf/4.1.2/../../../../nios2-elf/lib\libc.a(lib_a-ctype_.o)
 .data          0x0a815dd4        0x0 c:/altera/12.0/nios2eds/bin/gnu/h-i686-mingw32/bin/../lib/gcc/nios2-elf/4.1.2/../../../../nios2-elf/lib\libc.a(lib_a-exit.o)
 .data          0x0a815dd4        0x0 c:/altera/12.0/nios2eds/bin/gnu/h-i686-mingw32/bin/../lib/gcc/nios2-elf/4.1.2/../../../../nios2-elf/lib\libc.a(lib_a-memcmp.o)
 .data          0x0a815dd4        0x0 c:/altera/12.0/nios2eds/bin/gnu/h-i686-mingw32/bin/../lib/gcc/nios2-elf/4.1.2/../../../../nios2-elf/lib\libc.a(lib_a-__atexit.o)
 .data          0x0a815dd4        0x0 c:/altera/12.0/nios2eds/bin/gnu/h-i686-mingw32/bin/../lib/gcc/nios2-elf/4.1.2/../../../../nios2-elf/lib\libc.a(lib_a-__call_atexit.o)
 .data          0x0a815dd4        0x0 ../DE2_115_Audio_bsp/\libhal_bsp.a(alt_exit.o)
                0x0a81ddd4                _gp = ABSOLUTE ((. + 0x8000))
                0x0a81ddd4                PROVIDE (gp, _gp)
 *(.rwdata .rwdata.*)
 *(.sdata .sdata.* .gnu.linkonce.s.*)
 .sdata         0x0a815dd4        0x8 c:/altera/12.0/nios2eds/bin/gnu/h-i686-mingw32/bin/../lib/gcc/nios2-elf/4.1.2/../../../../nios2-elf/lib\libc.a(lib_a-impure.o)
                0x0a815dd4                _impure_ptr
                0x0a815dd8                _global_impure_ptr
 .sdata         0x0a815ddc        0x8 c:/altera/12.0/nios2eds/bin/gnu/h-i686-mingw32/bin/../lib/gcc/nios2-elf/4.1.2/../../../../nios2-elf/lib\libc.a(lib_a-mallocr.o)
                0x0a815ddc                __malloc_trim_threshold
                0x0a815de0                __malloc_sbrk_base
 .sdata         0x0a815de4        0x8 c:/altera/12.0/nios2eds/bin/gnu/h-i686-mingw32/bin/../lib/gcc/nios2-elf/4.1.2/../../../../nios2-elf/lib\libc.a(lib_a-locale.o)
                0x0a815de4                __mb_cur_max
 .sdata         0x0a815dec       0x14 ../DE2_115_Audio_bsp/\libhal_bsp.a(alt_dev.o)
                0x0a815dec                alt_fs_list
                0x0a815df4                alt_dev_list
                0x0a815dfc                alt_max_fd
 .sdata         0x0a815e00        0x4 ../DE2_115_Audio_bsp/\libhal_bsp.a(alt_errno.o)
                0x0a815e00                alt_errno
 .sdata         0x0a815e04        0x4 ../DE2_115_Audio_bsp/\libhal_bsp.a(alt_irq_vars.o)
                0x0a815e04                alt_priority_mask
 .sdata         0x0a815e08        0x4 ../DE2_115_Audio_bsp/\libhal_bsp.a(alt_sbrk.o)
 .sdata         0x0a815e0c        0x4 ../DE2_115_Audio_bsp/\libhal_bsp.a(altera_avalon_lcd_16207.o)
 .sdata         0x0a815e10        0x8 ../DE2_115_Audio_bsp/\libhal_bsp.a(alt_flash_dev.o)
                0x0a815e10                alt_flash_dev_list
 .sdata         0x0a815e18        0x8 ../DE2_115_Audio_bsp/\libhal_bsp.a(alt_tick.o)
                0x0a815e18                alt_alarm_list
 .sdata         0x0a815e20        0x4 c:/altera/12.0/nios2eds/bin/gnu/h-i686-mingw32/bin/../lib/gcc/nios2-elf/4.1.2/../../../../nios2-elf/lib\libc.a(lib_a-ctype_.o)
                0x0a815e20                __ctype_ptr
 *(.sdata2 .sdata2.* .gnu.linkonce.s2.*)
                0x0a815e24                . = ALIGN (0x4)
                0x0a815e24                _edata = ABSOLUTE (.)
                0x0a815e24                PROVIDE (edata, ABSOLUTE (.))
                0x0a815e24                PROVIDE (__ram_rwdata_end, ABSOLUTE (.))
                0x0a815e24                PROVIDE (__flash_rwdata_start, LOADADDR (.rwdata))

.bss            0x0a817a98      0x324
                0x0a817a98                __bss_start = ABSOLUTE (.)
                0x0a817a98                PROVIDE (__sbss_start, ABSOLUTE (.))
                0x0a817a98                PROVIDE (___sbss_start, ABSOLUTE (.))
 *(.dynsbss)
 *(.sbss .sbss.* .gnu.linkonce.sb.*)
 .sbss          0x0a817a98        0x4 obj/default/LCD.o
 .sbss          0x0a817a9c        0x8 obj/default/main.o
 .sbss          0x0a817aa4        0x4 obj/default/main.o
                0x0a817aa4                record_sample_rate
 .sbss          0x0a817aa8        0x4 c:/altera/12.0/nios2eds/bin/gnu/h-i686-mingw32/bin/../lib/gcc/nios2-elf/4.1.2/../../../../nios2-elf/lib\libc.a(lib_a-int_errno.o)
                0x0a817aa8                errno
 .sbss          0x0a817aac        0xc c:/altera/12.0/nios2eds/bin/gnu/h-i686-mingw32/bin/../lib/gcc/nios2-elf/4.1.2/../../../../nios2-elf/lib\libc.a(lib_a-mallocr.o)
                0x0a817aac                __malloc_top_pad
                0x0a817ab0                __malloc_max_sbrked_mem
                0x0a817ab4                __malloc_max_total_mem
 .sbss          0x0a817ab8        0xc c:/altera/12.0/nios2eds/bin/gnu/h-i686-mingw32/bin/../lib/gcc/nios2-elf/4.1.2/../../../../nios2-elf/lib\libc.a(lib_a-locale.o)
                0x0a817ab8                __nlocale_changed
                0x0a817abc                __mlocale_changed
                0x0a817ac0                _PathLocale
 .sbss          0x0a817ac4        0x4 ../DE2_115_Audio_bsp/\libhal_bsp.a(alt_irq_vars.o)
                0x0a817ac4                alt_irq_active
 .sbss          0x0a817ac8        0xc ../DE2_115_Audio_bsp/\libhal_bsp.a(alt_main.o)
                0x0a817ac8                alt_argc
                0x0a817acc                alt_argv
                0x0a817ad0                alt_envp
 .sbss          0x0a817ad4        0x8 ../DE2_115_Audio_bsp/\libhal_bsp.a(alt_tick.o)
                0x0a817ad4                _alt_tick_rate
                0x0a817ad8                _alt_nticks
 *(.sbss2 .sbss2.* .gnu.linkonce.sb2.*)
 *(.scommon)
                0x0a817adc                PROVIDE (__sbss_end, ABSOLUTE (.))
                0x0a817adc                PROVIDE (___sbss_end, ABSOLUTE (.))
 *(.dynbss)
 *(.bss .bss.* .gnu.linkonce.b.*)
 .bss           0x0a817adc        0x0 ../DE2_115_Audio_bsp//obj/HAL/src/crt0.o
 .bss           0x0a817adc       0x28 obj/default/AUDIO.o
 .bss           0x0a817b04        0x0 obj/default/I2C.o
 .bss           0x0a817b04        0x0 obj/default/LCD.o
 .bss           0x0a817b04        0x0 obj/default/LED.o
 .bss           0x0a817b04        0x0 obj/default/SEG7.o
 .bss           0x0a817b04        0x0 obj/default/debug.o
 .bss           0x0a817b04        0x0 obj/default/main.o
 .bss           0x0a817b04        0x0 c:/altera/12.0/nios2eds/bin/gnu/h-i686-mingw32/bin/../lib/gcc/nios2-elf/4.1.2\libgcc.a(lib2-divmod.o)
 .bss           0x0a817b04        0x0 c:/altera/12.0/nios2eds/bin/gnu/h-i686-mingw32/bin/../lib/gcc/nios2-elf/4.1.2/../../../../nios2-elf/lib\libc.a(lib_a-fclose.o)
 .bss           0x0a817b04        0x0 c:/altera/12.0/nios2eds/bin/gnu/h-i686-mingw32/bin/../lib/gcc/nios2-elf/4.1.2/../../../../nios2-elf/lib\libc.a(lib_a-fflush.o)
 .bss           0x0a817b04        0x0 c:/altera/12.0/nios2eds/bin/gnu/h-i686-mingw32/bin/../lib/gcc/nios2-elf/4.1.2/../../../../nios2-elf/lib\libc.a(lib_a-findfp.o)
 .bss           0x0a817b04        0x0 c:/altera/12.0/nios2eds/bin/gnu/h-i686-mingw32/bin/../lib/gcc/nios2-elf/4.1.2/../../../../nios2-elf/lib\libc.a(lib_a-fopen.o)
 .bss           0x0a817b04        0x0 c:/altera/12.0/nios2eds/bin/gnu/h-i686-mingw32/bin/../lib/gcc/nios2-elf/4.1.2/../../../../nios2-elf/lib\libc.a(lib_a-freer.o)
 .bss           0x0a817b04        0x0 c:/altera/12.0/nios2eds/bin/gnu/h-i686-mingw32/bin/../lib/gcc/nios2-elf/4.1.2/../../../../nios2-elf/lib\libc.a(lib_a-fseek.o)
 .bss           0x0a817b04        0x0 c:/altera/12.0/nios2eds/bin/gnu/h-i686-mingw32/bin/../lib/gcc/nios2-elf/4.1.2/../../../../nios2-elf/lib\libc.a(lib_a-fstatr.o)
 .bss           0x0a817b04        0x0 c:/altera/12.0/nios2eds/bin/gnu/h-i686-mingw32/bin/../lib/gcc/nios2-elf/4.1.2/../../../../nios2-elf/lib\libc.a(lib_a-fwalk.o)
 .bss           0x0a817b04        0x0 c:/altera/12.0/nios2eds/bin/gnu/h-i686-mingw32/bin/../lib/gcc/nios2-elf/4.1.2/../../../../nios2-elf/lib\libc.a(lib_a-fwrite.o)
 .bss           0x0a817b04        0x0 c:/altera/12.0/nios2eds/bin/gnu/h-i686-mingw32/bin/../lib/gcc/nios2-elf/4.1.2/../../../../nios2-elf/lib\libc.a(lib_a-impure.o)
 .bss           0x0a817b04        0x0 c:/altera/12.0/nios2eds/bin/gnu/h-i686-mingw32/bin/../lib/gcc/nios2-elf/4.1.2/../../../../nios2-elf/lib\libc.a(lib_a-int_errno.o)
 .bss           0x0a817b04        0x0 c:/altera/12.0/nios2eds/bin/gnu/h-i686-mingw32/bin/../lib/gcc/nios2-elf/4.1.2/../../../../nios2-elf/lib\libc.a(lib_a-makebuf.o)
 .bss           0x0a817b04       0x28 c:/altera/12.0/nios2eds/bin/gnu/h-i686-mingw32/bin/../lib/gcc/nios2-elf/4.1.2/../../../../nios2-elf/lib\libc.a(lib_a-mallocr.o)
                0x0a817b04                __malloc_current_mallinfo
 .bss           0x0a817b2c        0x0 c:/altera/12.0/nios2eds/bin/gnu/h-i686-mingw32/bin/../lib/gcc/nios2-elf/4.1.2/../../../../nios2-elf/lib\libc.a(lib_a-memset.o)
 .bss           0x0a817b2c        0x0 c:/altera/12.0/nios2eds/bin/gnu/h-i686-mingw32/bin/../lib/gcc/nios2-elf/4.1.2/../../../../nios2-elf/lib\libc.a(lib_a-openr.o)
 .bss           0x0a817b2c        0x0 c:/altera/12.0/nios2eds/bin/gnu/h-i686-mingw32/bin/../lib/gcc/nios2-elf/4.1.2/../../../../nios2-elf/lib\libc.a(lib_a-printf.o)
 .bss           0x0a817b2c        0x0 c:/altera/12.0/nios2eds/bin/gnu/h-i686-mingw32/bin/../lib/gcc/nios2-elf/4.1.2/../../../../nios2-elf/lib\libc.a(lib_a-puts.o)
 .bss           0x0a817b2c        0x0 c:/altera/12.0/nios2eds/bin/gnu/h-i686-mingw32/bin/../lib/gcc/nios2-elf/4.1.2/../../../../nios2-elf/lib\libc.a(lib_a-refill.o)
 .bss           0x0a817b2c        0x0 c:/altera/12.0/nios2eds/bin/gnu/h-i686-mingw32/bin/../lib/gcc/nios2-elf/4.1.2/../../../../nios2-elf/lib\libc.a(lib_a-sbrkr.o)
 .bss           0x0a817b2c        0x0 c:/altera/12.0/nios2eds/bin/gnu/h-i686-mingw32/bin/../lib/gcc/nios2-elf/4.1.2/../../../../nios2-elf/lib\libc.a(lib_a-sprintf.o)
 .bss           0x0a817b2c        0x0 c:/altera/12.0/nios2eds/bin/gnu/h-i686-mingw32/bin/../lib/gcc/nios2-elf/4.1.2/../../../../nios2-elf/lib\libc.a(lib_a-stdio.o)
 .bss           0x0a817b2c        0x0 c:/altera/12.0/nios2eds/bin/gnu/h-i686-mingw32/bin/../lib/gcc/nios2-elf/4.1.2/../../../../nios2-elf/lib\libc.a(lib_a-strlen.o)
 .bss           0x0a817b2c        0x0 c:/altera/12.0/nios2eds/bin/gnu/h-i686-mingw32/bin/../lib/gcc/nios2-elf/4.1.2/../../../../nios2-elf/lib\libc.a(lib_a-vfprintf.o)
 .bss           0x0a817b2c        0x0 c:/altera/12.0/nios2eds/bin/gnu/h-i686-mingw32/bin/../lib/gcc/nios2-elf/4.1.2/../../../../nios2-elf/lib\libc.a(lib_a-vsnprintf.o)
 .bss           0x0a817b2c        0x0 c:/altera/12.0/nios2eds/bin/gnu/h-i686-mingw32/bin/../lib/gcc/nios2-elf/4.1.2/../../../../nios2-elf/lib\libc.a(lib_a-writer.o)
 .bss           0x0a817b2c        0x0 c:/altera/12.0/nios2eds/bin/gnu/h-i686-mingw32/bin/../lib/gcc/nios2-elf/4.1.2/../../../../nios2-elf/lib\libc.a(lib_a-wsetup.o)
 .bss           0x0a817b2c        0x0 c:/altera/12.0/nios2eds/bin/gnu/h-i686-mingw32/bin/../lib/gcc/nios2-elf/4.1.2/../../../../nios2-elf/lib\libc.a(lib_a-closer.o)
 .bss           0x0a817b2c        0x0 c:/altera/12.0/nios2eds/bin/gnu/h-i686-mingw32/bin/../lib/gcc/nios2-elf/4.1.2/../../../../nios2-elf/lib\libc.a(lib_a-dtoa.o)
 .bss           0x0a817b2c        0x0 c:/altera/12.0/nios2eds/bin/gnu/h-i686-mingw32/bin/../lib/gcc/nios2-elf/4.1.2/../../../../nios2-elf/lib\libc.a(lib_a-flags.o)
 .bss           0x0a817b2c        0x0 c:/altera/12.0/nios2eds/bin/gnu/h-i686-mingw32/bin/../lib/gcc/nios2-elf/4.1.2/../../../../nios2-elf/lib\libc.a(lib_a-fvwrite.o)
 .bss           0x0a817b2c        0x0 c:/altera/12.0/nios2eds/bin/gnu/h-i686-mingw32/bin/../lib/gcc/nios2-elf/4.1.2/../../../../nios2-elf/lib\libc.a(lib_a-isattyr.o)
 .bss           0x0a817b2c        0x0 c:/altera/12.0/nios2eds/bin/gnu/h-i686-mingw32/bin/../lib/gcc/nios2-elf/4.1.2/../../../../nios2-elf/lib\libc.a(lib_a-locale.o)
 .bss           0x0a817b2c        0x0 c:/altera/12.0/nios2eds/bin/gnu/h-i686-mingw32/bin/../lib/gcc/nios2-elf/4.1.2/../../../../nios2-elf/lib\libc.a(lib_a-lseekr.o)
 .bss           0x0a817b2c        0x0 c:/altera/12.0/nios2eds/bin/gnu/h-i686-mingw32/bin/../lib/gcc/nios2-elf/4.1.2/../../../../nios2-elf/lib\libc.a(lib_a-memchr.o)
 .bss           0x0a817b2c        0x0 c:/altera/12.0/nios2eds/bin/gnu/h-i686-mingw32/bin/../lib/gcc/nios2-elf/4.1.2/../../../../nios2-elf/lib\libc.a(lib_a-memcpy.o)
 .bss           0x0a817b2c        0x0 c:/altera/12.0/nios2eds/bin/gnu/h-i686-mingw32/bin/../lib/gcc/nios2-elf/4.1.2/../../../../nios2-elf/lib\libc.a(lib_a-memmove.o)
 .bss           0x0a817b2c        0x0 c:/altera/12.0/nios2eds/bin/gnu/h-i686-mingw32/bin/../lib/gcc/nios2-elf/4.1.2/../../../../nios2-elf/lib\libc.a(lib_a-mprec.o)
 .bss           0x0a817b2c        0x0 c:/altera/12.0/nios2eds/bin/gnu/h-i686-mingw32/bin/../lib/gcc/nios2-elf/4.1.2/../../../../nios2-elf/lib\libc.a(lib_a-readr.o)
 .bss           0x0a817b2c        0x0 c:/altera/12.0/nios2eds/bin/gnu/h-i686-mingw32/bin/../lib/gcc/nios2-elf/4.1.2/../../../../nios2-elf/lib\libc.a(lib_a-reallocr.o)
 .bss           0x0a817b2c        0x0 c:/altera/12.0/nios2eds/bin/gnu/h-i686-mingw32/bin/../lib/gcc/nios2-elf/4.1.2/../../../../nios2-elf/lib\libc.a(lib_a-s_isinfd.o)
 .bss           0x0a817b2c        0x0 c:/altera/12.0/nios2eds/bin/gnu/h-i686-mingw32/bin/../lib/gcc/nios2-elf/4.1.2/../../../../nios2-elf/lib\libc.a(lib_a-s_isnand.o)
 .bss           0x0a817b2c        0x0 c:/altera/12.0/nios2eds/bin/gnu/h-i686-mingw32/bin/../lib/gcc/nios2-elf/4.1.2/../../../../nios2-elf/lib\libc.a(lib_a-strcmp.o)
 .bss           0x0a817b2c        0x0 c:/altera/12.0/nios2eds/bin/gnu/h-i686-mingw32/bin/../lib/gcc/nios2-elf/4.1.2/../../../../nios2-elf/lib\libc.a(lib_a-callocr.o)
 .bss           0x0a817b2c        0x0 c:/altera/12.0/nios2eds/bin/gnu/h-i686-mingw32/bin/../lib/gcc/nios2-elf/4.1.2\libgcc.a(_udivdi3.o)
 .bss           0x0a817b2c        0x0 c:/altera/12.0/nios2eds/bin/gnu/h-i686-mingw32/bin/../lib/gcc/nios2-elf/4.1.2\libgcc.a(_umoddi3.o)
 .bss           0x0a817b2c        0x0 c:/altera/12.0/nios2eds/bin/gnu/h-i686-mingw32/bin/../lib/gcc/nios2-elf/4.1.2\libgcc.a(_addsub_df.o)
 .bss           0x0a817b2c        0x0 c:/altera/12.0/nios2eds/bin/gnu/h-i686-mingw32/bin/../lib/gcc/nios2-elf/4.1.2\libgcc.a(_mul_df.o)
 .bss           0x0a817b2c        0x0 c:/altera/12.0/nios2eds/bin/gnu/h-i686-mingw32/bin/../lib/gcc/nios2-elf/4.1.2\libgcc.a(_div_df.o)
 .bss           0x0a817b2c        0x0 c:/altera/12.0/nios2eds/bin/gnu/h-i686-mingw32/bin/../lib/gcc/nios2-elf/4.1.2\libgcc.a(_eq_df.o)
 .bss           0x0a817b2c        0x0 c:/altera/12.0/nios2eds/bin/gnu/h-i686-mingw32/bin/../lib/gcc/nios2-elf/4.1.2\libgcc.a(_ne_df.o)
 .bss           0x0a817b2c        0x0 c:/altera/12.0/nios2eds/bin/gnu/h-i686-mingw32/bin/../lib/gcc/nios2-elf/4.1.2\libgcc.a(_gt_df.o)
 .bss           0x0a817b2c        0x0 c:/altera/12.0/nios2eds/bin/gnu/h-i686-mingw32/bin/../lib/gcc/nios2-elf/4.1.2\libgcc.a(_ge_df.o)
 .bss           0x0a817b2c        0x0 c:/altera/12.0/nios2eds/bin/gnu/h-i686-mingw32/bin/../lib/gcc/nios2-elf/4.1.2\libgcc.a(_lt_df.o)
 .bss           0x0a817b2c        0x0 c:/altera/12.0/nios2eds/bin/gnu/h-i686-mingw32/bin/../lib/gcc/nios2-elf/4.1.2\libgcc.a(_si_to_df.o)
 .bss           0x0a817b2c        0x0 c:/altera/12.0/nios2eds/bin/gnu/h-i686-mingw32/bin/../lib/gcc/nios2-elf/4.1.2\libgcc.a(_df_to_si.o)
 .bss           0x0a817b2c        0x0 c:/altera/12.0/nios2eds/bin/gnu/h-i686-mingw32/bin/../lib/gcc/nios2-elf/4.1.2\libgcc.a(_thenan_df.o)
 .bss           0x0a817b2c        0x0 c:/altera/12.0/nios2eds/bin/gnu/h-i686-mingw32/bin/../lib/gcc/nios2-elf/4.1.2\libgcc.a(_usi_to_df.o)
 .bss           0x0a817b2c        0x0 c:/altera/12.0/nios2eds/bin/gnu/h-i686-mingw32/bin/../lib/gcc/nios2-elf/4.1.2\libgcc.a(_muldi3.o)
 .bss           0x0a817b2c        0x0 c:/altera/12.0/nios2eds/bin/gnu/h-i686-mingw32/bin/../lib/gcc/nios2-elf/4.1.2\libgcc.a(_clz.o)
 .bss           0x0a817b2c        0x0 c:/altera/12.0/nios2eds/bin/gnu/h-i686-mingw32/bin/../lib/gcc/nios2-elf/4.1.2\libgcc.a(_clzsi2.o)
 .bss           0x0a817b2c        0x0 c:/altera/12.0/nios2eds/bin/gnu/h-i686-mingw32/bin/../lib/gcc/nios2-elf/4.1.2\libgcc.a(_pack_df.o)
 .bss           0x0a817b2c        0x0 c:/altera/12.0/nios2eds/bin/gnu/h-i686-mingw32/bin/../lib/gcc/nios2-elf/4.1.2\libgcc.a(_unpack_df.o)
 .bss           0x0a817b2c        0x0 c:/altera/12.0/nios2eds/bin/gnu/h-i686-mingw32/bin/../lib/gcc/nios2-elf/4.1.2\libgcc.a(_fpcmp_parts_df.o)
 .bss           0x0a817b2c        0x0 ../DE2_115_Audio_bsp/\libhal_bsp.a(alt_close.o)
 .bss           0x0a817b2c        0x0 ../DE2_115_Audio_bsp/\libhal_bsp.a(alt_dev.o)
 .bss           0x0a817b2c        0x0 ../DE2_115_Audio_bsp/\libhal_bsp.a(alt_errno.o)
 .bss           0x0a817b2c        0x0 ../DE2_115_Audio_bsp/\libhal_bsp.a(alt_fstat.o)
 .bss           0x0a817b2c        0x0 ../DE2_115_Audio_bsp/\libhal_bsp.a(alt_irq_register.o)
 .bss           0x0a817b2c        0x0 ../DE2_115_Audio_bsp/\libhal_bsp.a(alt_irq_vars.o)
 .bss           0x0a817b2c        0x0 ../DE2_115_Audio_bsp/\libhal_bsp.a(alt_isatty.o)
 .bss           0x0a817b2c        0x0 ../DE2_115_Audio_bsp/\libhal_bsp.a(alt_load.o)
 .bss           0x0a817b2c        0x0 ../DE2_115_Audio_bsp/\libhal_bsp.a(alt_lseek.o)
 .bss           0x0a817b2c        0x0 ../DE2_115_Audio_bsp/\libhal_bsp.a(alt_main.o)
 .bss           0x0a817b2c        0x0 ../DE2_115_Audio_bsp/\libhal_bsp.a(alt_malloc_lock.o)
 .bss           0x0a817b2c        0x0 ../DE2_115_Audio_bsp/\libhal_bsp.a(alt_open.o)
 .bss           0x0a817b2c        0x0 ../DE2_115_Audio_bsp/\libhal_bsp.a(alt_read.o)
 .bss           0x0a817b2c        0x0 ../DE2_115_Audio_bsp/\libhal_bsp.a(alt_release_fd.o)
 .bss           0x0a817b2c        0x0 ../DE2_115_Audio_bsp/\libhal_bsp.a(alt_sbrk.o)
 .bss           0x0a817b2c        0x0 ../DE2_115_Audio_bsp/\libhal_bsp.a(alt_usleep.o)
 .bss           0x0a817b2c        0x0 ../DE2_115_Audio_bsp/\libhal_bsp.a(alt_write.o)
 .bss           0x0a817b2c        0x0 ../DE2_115_Audio_bsp/\libhal_bsp.a(alt_sys_init.o)
 .bss           0x0a817b2c        0x0 ../DE2_115_Audio_bsp/\libhal_bsp.a(altera_avalon_cfi_flash.o)
 .bss           0x0a817b2c        0x0 ../DE2_115_Audio_bsp/\libhal_bsp.a(altera_avalon_cfi_flash_table.o)
 .bss           0x0a817b2c        0x0 ../DE2_115_Audio_bsp/\libhal_bsp.a(altera_avalon_jtag_uart_fd.o)
 .bss           0x0a817b2c        0x0 ../DE2_115_Audio_bsp/\libhal_bsp.a(altera_avalon_jtag_uart_init.o)
 .bss           0x0a817b2c        0x0 ../DE2_115_Audio_bsp/\libhal_bsp.a(altera_avalon_jtag_uart_ioctl.o)
 .bss           0x0a817b2c        0x0 ../DE2_115_Audio_bsp/\libhal_bsp.a(altera_avalon_jtag_uart_read.o)
 .bss           0x0a817b2c        0x0 ../DE2_115_Audio_bsp/\libhal_bsp.a(altera_avalon_jtag_uart_write.o)
 .bss           0x0a817b2c        0x0 ../DE2_115_Audio_bsp/\libhal_bsp.a(altera_avalon_lcd_16207.o)
 .bss           0x0a817b2c        0x0 ../DE2_115_Audio_bsp/\libhal_bsp.a(altera_avalon_lcd_16207_fd.o)
 .bss           0x0a817b2c        0x0 ../DE2_115_Audio_bsp/\libhal_bsp.a(alt_alarm_start.o)
 .bss           0x0a817b2c        0x0 ../DE2_115_Audio_bsp/\libhal_bsp.a(alt_busy_sleep.o)
 .bss           0x0a817b2c        0x0 ../DE2_115_Audio_bsp/\libhal_bsp.a(alt_dcache_flush.o)
 .bss           0x0a817b2c        0x0 ../DE2_115_Audio_bsp/\libhal_bsp.a(alt_dcache_flush_all.o)
 .bss           0x0a817b2c        0x0 ../DE2_115_Audio_bsp/\libhal_bsp.a(alt_dev_llist_insert.o)
 .bss           0x0a817b2c        0x0 ../DE2_115_Audio_bsp/\libhal_bsp.a(alt_do_ctors.o)
 .bss           0x0a817b2c        0x0 ../DE2_115_Audio_bsp/\libhal_bsp.a(alt_do_dtors.o)
 .bss           0x0a817b2c        0x0 ../DE2_115_Audio_bsp/\libhal_bsp.a(alt_find_dev.o)
 .bss           0x0a817b2c        0x0 ../DE2_115_Audio_bsp/\libhal_bsp.a(alt_find_file.o)
 .bss           0x0a817b2c        0x0 ../DE2_115_Audio_bsp/\libhal_bsp.a(alt_flash_dev.o)
 .bss           0x0a817b2c        0x0 ../DE2_115_Audio_bsp/\libhal_bsp.a(alt_get_fd.o)
 .bss           0x0a817b2c        0x0 ../DE2_115_Audio_bsp/\libhal_bsp.a(alt_icache_flush_all.o)
 .bss           0x0a817b2c        0x0 ../DE2_115_Audio_bsp/\libhal_bsp.a(alt_iic.o)
 .bss           0x0a817b2c        0x0 ../DE2_115_Audio_bsp/\libhal_bsp.a(alt_iic_isr_register.o)
 .bss           0x0a817b2c        0x0 ../DE2_115_Audio_bsp/\libhal_bsp.a(alt_io_redirect.o)
 .bss           0x0a817b2c        0x0 ../DE2_115_Audio_bsp/\libhal_bsp.a(alt_irq_entry.o)
 .bss           0x0a817b2c        0x0 ../DE2_115_Audio_bsp/\libhal_bsp.a(alt_irq_handler.o)
 .bss           0x0a817b2c        0x0 ../DE2_115_Audio_bsp/\libhal_bsp.a(alt_tick.o)
 .bss           0x0a817b2c        0x0 ../DE2_115_Audio_bsp/\libhal_bsp.a(altera_nios2_qsys_irq.o)
 .bss           0x0a817b2c        0x0 ../DE2_115_Audio_bsp/\libhal_bsp.a(altera_avalon_cfi_flash_amd.o)
 .bss           0x0a817b2c        0x0 ../DE2_115_Audio_bsp/\libhal_bsp.a(altera_avalon_cfi_flash_intel.o)
 .bss           0x0a817b2c        0x0 ../DE2_115_Audio_bsp/\libhal_bsp.a(alt_exception_entry.o)
 .bss           0x0a817b2c        0x0 ../DE2_115_Audio_bsp/\libhal_bsp.a(alt_icache_flush.o)
 .bss           0x0a817b2c        0x0 c:/altera/12.0/nios2eds/bin/gnu/h-i686-mingw32/bin/../lib/gcc/nios2-elf/4.1.2/../../../../nios2-elf/lib\libc.a(lib_a-atexit.o)
 .bss           0x0a817b2c        0x0 c:/altera/12.0/nios2eds/bin/gnu/h-i686-mingw32/bin/../lib/gcc/nios2-elf/4.1.2/../../../../nios2-elf/lib\libc.a(lib_a-ctype_.o)
 .bss           0x0a817b2c        0x0 c:/altera/12.0/nios2eds/bin/gnu/h-i686-mingw32/bin/../lib/gcc/nios2-elf/4.1.2/../../../../nios2-elf/lib\libc.a(lib_a-exit.o)
 .bss           0x0a817b2c        0x0 c:/altera/12.0/nios2eds/bin/gnu/h-i686-mingw32/bin/../lib/gcc/nios2-elf/4.1.2/../../../../nios2-elf/lib\libc.a(lib_a-memcmp.o)
 .bss           0x0a817b2c        0x0 c:/altera/12.0/nios2eds/bin/gnu/h-i686-mingw32/bin/../lib/gcc/nios2-elf/4.1.2/../../../../nios2-elf/lib\libc.a(lib_a-__atexit.o)
 .bss           0x0a817b2c        0x0 c:/altera/12.0/nios2eds/bin/gnu/h-i686-mingw32/bin/../lib/gcc/nios2-elf/4.1.2/../../../../nios2-elf/lib\libc.a(lib_a-__call_atexit.o)
 .bss           0x0a817b2c        0x0 ../DE2_115_Audio_bsp/\libhal_bsp.a(alt_exit.o)
 *(COMMON)
 COMMON         0x0a817b2c      0x100 ../DE2_115_Audio_bsp/\libhal_bsp.a(alt_irq_handler.o)
                0x0a817b2c                alt_irq
 COMMON         0x0a817c2c      0x190 c:/altera/12.0/nios2eds/bin/gnu/h-i686-mingw32/bin/../lib/gcc/nios2-elf/4.1.2/../../../../nios2-elf/lib\libc.a(lib_a-atexit.o)
                0x0a817c2c                _atexit0
                0x0a817dbc                . = ALIGN (0x4)
                0x0a817dbc                __bss_end = ABSOLUTE (.)

.sdram          0x00000000        0x0 load address 0x0a817dbc
                0x00000000                PROVIDE (_alt_partition_sdram_start, ABSOLUTE (.))
 *(.sdram. sdram.*)
                0x00000000                . = ALIGN (0x4)
                0x00000000                PROVIDE (_alt_partition_sdram_end, ABSOLUTE (.))
                0x0a817dbc                PROVIDE (_alt_partition_sdram_load_addr, LOADADDR (.sdram))

.cfi_flash      0x09800000        0x0 load address 0x0a817dbc
                0x09800000                PROVIDE (_alt_partition_cfi_flash_start, ABSOLUTE (.))
 *(.cfi_flash. cfi_flash.*)
                0x09800000                . = ALIGN (0x4)
                0x09800000                PROVIDE (_alt_partition_cfi_flash_end, ABSOLUTE (.))
                0x0a817dbc                PROVIDE (_alt_partition_cfi_flash_load_addr, LOADADDR (.cfi_flash))

.sram           0x0a817dbc        0x0
                0x0a817dbc                PROVIDE (_alt_partition_sram_start, ABSOLUTE (.))
 *(.sram. sram.*)
                0x0a817dbc                . = ALIGN (0x4)
                0x0a817dbc                PROVIDE (_alt_partition_sram_end, ABSOLUTE (.))
                0x0a817dbc                _end = ABSOLUTE (.)
                0x0a817dbc                end = ABSOLUTE (.)
                0x0a817dbc                __alt_stack_base = ABSOLUTE (.)
                0x0a817dbc                PROVIDE (_alt_partition_sram_load_addr, LOADADDR (.sram))

.stab
 *(.stab)

.stabstr
 *(.stabstr)

.stab.excl
 *(.stab.excl)

.stab.exclstr
 *(.stab.exclstr)

.stab.index
 *(.stab.index)

.stab.indexstr
 *(.stab.indexstr)

.comment        0x00000000       0x23
 *(.comment)
 .comment       0x00000000       0x23 obj/default/AUDIO.o
                                 0x24 (size before relaxing)
 .comment       0x00000000       0x24 obj/default/I2C.o
 .comment       0x00000000       0x24 obj/default/LCD.o
 .comment       0x00000000       0x24 obj/default/LED.o
 .comment       0x00000000       0x24 obj/default/SEG7.o
 .comment       0x00000000       0x24 obj/default/debug.o
 .comment       0x00000000       0x24 obj/default/main.o
 .comment       0x00000000       0x24 c:/altera/12.0/nios2eds/bin/gnu/h-i686-mingw32/bin/../lib/gcc/nios2-elf/4.1.2\libgcc.a(lib2-divmod.o)
 .comment       0x00000000       0x24 c:/altera/12.0/nios2eds/bin/gnu/h-i686-mingw32/bin/../lib/gcc/nios2-elf/4.1.2/../../../../nios2-elf/lib\libc.a(lib_a-fclose.o)
 .comment       0x00000000       0x24 c:/altera/12.0/nios2eds/bin/gnu/h-i686-mingw32/bin/../lib/gcc/nios2-elf/4.1.2/../../../../nios2-elf/lib\libc.a(lib_a-fflush.o)
 .comment       0x00000000       0x24 c:/altera/12.0/nios2eds/bin/gnu/h-i686-mingw32/bin/../lib/gcc/nios2-elf/4.1.2/../../../../nios2-elf/lib\libc.a(lib_a-findfp.o)
 .comment       0x00000000       0x24 c:/altera/12.0/nios2eds/bin/gnu/h-i686-mingw32/bin/../lib/gcc/nios2-elf/4.1.2/../../../../nios2-elf/lib\libc.a(lib_a-fopen.o)
 .comment       0x00000000       0x24 c:/altera/12.0/nios2eds/bin/gnu/h-i686-mingw32/bin/../lib/gcc/nios2-elf/4.1.2/../../../../nios2-elf/lib\libc.a(lib_a-freer.o)
 .comment       0x00000000       0x24 c:/altera/12.0/nios2eds/bin/gnu/h-i686-mingw32/bin/../lib/gcc/nios2-elf/4.1.2/../../../../nios2-elf/lib\libc.a(lib_a-fseek.o)
 .comment       0x00000000       0x24 c:/altera/12.0/nios2eds/bin/gnu/h-i686-mingw32/bin/../lib/gcc/nios2-elf/4.1.2/../../../../nios2-elf/lib\libc.a(lib_a-fstatr.o)
 .comment       0x00000000       0x24 c:/altera/12.0/nios2eds/bin/gnu/h-i686-mingw32/bin/../lib/gcc/nios2-elf/4.1.2/../../../../nios2-elf/lib\libc.a(lib_a-fwalk.o)
 .comment       0x00000000       0x24 c:/altera/12.0/nios2eds/bin/gnu/h-i686-mingw32/bin/../lib/gcc/nios2-elf/4.1.2/../../../../nios2-elf/lib\libc.a(lib_a-fwrite.o)
 .comment       0x00000000       0x24 c:/altera/12.0/nios2eds/bin/gnu/h-i686-mingw32/bin/../lib/gcc/nios2-elf/4.1.2/../../../../nios2-elf/lib\libc.a(lib_a-impure.o)
 .comment       0x00000000       0x24 c:/altera/12.0/nios2eds/bin/gnu/h-i686-mingw32/bin/../lib/gcc/nios2-elf/4.1.2/../../../../nios2-elf/lib\libc.a(lib_a-int_errno.o)
 .comment       0x00000000       0x24 c:/altera/12.0/nios2eds/bin/gnu/h-i686-mingw32/bin/../lib/gcc/nios2-elf/4.1.2/../../../../nios2-elf/lib\libc.a(lib_a-makebuf.o)
 .comment       0x00000000       0x24 c:/altera/12.0/nios2eds/bin/gnu/h-i686-mingw32/bin/../lib/gcc/nios2-elf/4.1.2/../../../../nios2-elf/lib\libc.a(lib_a-mallocr.o)
 .comment       0x00000000       0x24 c:/altera/12.0/nios2eds/bin/gnu/h-i686-mingw32/bin/../lib/gcc/nios2-elf/4.1.2/../../../../nios2-elf/lib\libc.a(lib_a-memset.o)
 .comment       0x00000000       0x24 c:/altera/12.0/nios2eds/bin/gnu/h-i686-mingw32/bin/../lib/gcc/nios2-elf/4.1.2/../../../../nios2-elf/lib\libc.a(lib_a-openr.o)
 .comment       0x00000000       0x24 c:/altera/12.0/nios2eds/bin/gnu/h-i686-mingw32/bin/../lib/gcc/nios2-elf/4.1.2/../../../../nios2-elf/lib\libc.a(lib_a-printf.o)
 .comment       0x00000000       0x24 c:/altera/12.0/nios2eds/bin/gnu/h-i686-mingw32/bin/../lib/gcc/nios2-elf/4.1.2/../../../../nios2-elf/lib\libc.a(lib_a-puts.o)
 .comment       0x00000000       0x24 c:/altera/12.0/nios2eds/bin/gnu/h-i686-mingw32/bin/../lib/gcc/nios2-elf/4.1.2/../../../../nios2-elf/lib\libc.a(lib_a-refill.o)
 .comment       0x00000000       0x24 c:/altera/12.0/nios2eds/bin/gnu/h-i686-mingw32/bin/../lib/gcc/nios2-elf/4.1.2/../../../../nios2-elf/lib\libc.a(lib_a-sbrkr.o)
 .comment       0x00000000       0x24 c:/altera/12.0/nios2eds/bin/gnu/h-i686-mingw32/bin/../lib/gcc/nios2-elf/4.1.2/../../../../nios2-elf/lib\libc.a(lib_a-sprintf.o)
 .comment       0x00000000       0x24 c:/altera/12.0/nios2eds/bin/gnu/h-i686-mingw32/bin/../lib/gcc/nios2-elf/4.1.2/../../../../nios2-elf/lib\libc.a(lib_a-stdio.o)
 .comment       0x00000000       0x24 c:/altera/12.0/nios2eds/bin/gnu/h-i686-mingw32/bin/../lib/gcc/nios2-elf/4.1.2/../../../../nios2-elf/lib\libc.a(lib_a-strlen.o)
 .comment       0x00000000       0x24 c:/altera/12.0/nios2eds/bin/gnu/h-i686-mingw32/bin/../lib/gcc/nios2-elf/4.1.2/../../../../nios2-elf/lib\libc.a(lib_a-vfprintf.o)
 .comment       0x00000000       0x24 c:/altera/12.0/nios2eds/bin/gnu/h-i686-mingw32/bin/../lib/gcc/nios2-elf/4.1.2/../../../../nios2-elf/lib\libc.a(lib_a-vsnprintf.o)
 .comment       0x00000000       0x24 c:/altera/12.0/nios2eds/bin/gnu/h-i686-mingw32/bin/../lib/gcc/nios2-elf/4.1.2/../../../../nios2-elf/lib\libc.a(lib_a-writer.o)
 .comment       0x00000000       0x24 c:/altera/12.0/nios2eds/bin/gnu/h-i686-mingw32/bin/../lib/gcc/nios2-elf/4.1.2/../../../../nios2-elf/lib\libc.a(lib_a-wsetup.o)
 .comment       0x00000000       0x24 c:/altera/12.0/nios2eds/bin/gnu/h-i686-mingw32/bin/../lib/gcc/nios2-elf/4.1.2/../../../../nios2-elf/lib\libc.a(lib_a-closer.o)
 .comment       0x00000000       0x24 c:/altera/12.0/nios2eds/bin/gnu/h-i686-mingw32/bin/../lib/gcc/nios2-elf/4.1.2/../../../../nios2-elf/lib\libc.a(lib_a-dtoa.o)
 .comment       0x00000000       0x24 c:/altera/12.0/nios2eds/bin/gnu/h-i686-mingw32/bin/../lib/gcc/nios2-elf/4.1.2/../../../../nios2-elf/lib\libc.a(lib_a-flags.o)
 .comment       0x00000000       0x24 c:/altera/12.0/nios2eds/bin/gnu/h-i686-mingw32/bin/../lib/gcc/nios2-elf/4.1.2/../../../../nios2-elf/lib\libc.a(lib_a-fvwrite.o)
 .comment       0x00000000       0x24 c:/altera/12.0/nios2eds/bin/gnu/h-i686-mingw32/bin/../lib/gcc/nios2-elf/4.1.2/../../../../nios2-elf/lib\libc.a(lib_a-isattyr.o)
 .comment       0x00000000       0x24 c:/altera/12.0/nios2eds/bin/gnu/h-i686-mingw32/bin/../lib/gcc/nios2-elf/4.1.2/../../../../nios2-elf/lib\libc.a(lib_a-locale.o)
 .comment       0x00000000       0x24 c:/altera/12.0/nios2eds/bin/gnu/h-i686-mingw32/bin/../lib/gcc/nios2-elf/4.1.2/../../../../nios2-elf/lib\libc.a(lib_a-lseekr.o)
 .comment       0x00000000       0x24 c:/altera/12.0/nios2eds/bin/gnu/h-i686-mingw32/bin/../lib/gcc/nios2-elf/4.1.2/../../../../nios2-elf/lib\libc.a(lib_a-memchr.o)
 .comment       0x00000000       0x24 c:/altera/12.0/nios2eds/bin/gnu/h-i686-mingw32/bin/../lib/gcc/nios2-elf/4.1.2/../../../../nios2-elf/lib\libc.a(lib_a-memcpy.o)
 .comment       0x00000000       0x24 c:/altera/12.0/nios2eds/bin/gnu/h-i686-mingw32/bin/../lib/gcc/nios2-elf/4.1.2/../../../../nios2-elf/lib\libc.a(lib_a-memmove.o)
 .comment       0x00000000       0x24 c:/altera/12.0/nios2eds/bin/gnu/h-i686-mingw32/bin/../lib/gcc/nios2-elf/4.1.2/../../../../nios2-elf/lib\libc.a(lib_a-mprec.o)
 .comment       0x00000000       0x24 c:/altera/12.0/nios2eds/bin/gnu/h-i686-mingw32/bin/../lib/gcc/nios2-elf/4.1.2/../../../../nios2-elf/lib\libc.a(lib_a-readr.o)
 .comment       0x00000000       0x24 c:/altera/12.0/nios2eds/bin/gnu/h-i686-mingw32/bin/../lib/gcc/nios2-elf/4.1.2/../../../../nios2-elf/lib\libc.a(lib_a-reallocr.o)
 .comment       0x00000000       0x24 c:/altera/12.0/nios2eds/bin/gnu/h-i686-mingw32/bin/../lib/gcc/nios2-elf/4.1.2/../../../../nios2-elf/lib\libc.a(lib_a-s_isinfd.o)
 .comment       0x00000000       0x24 c:/altera/12.0/nios2eds/bin/gnu/h-i686-mingw32/bin/../lib/gcc/nios2-elf/4.1.2/../../../../nios2-elf/lib\libc.a(lib_a-s_isnand.o)
 .comment       0x00000000       0x24 c:/altera/12.0/nios2eds/bin/gnu/h-i686-mingw32/bin/../lib/gcc/nios2-elf/4.1.2/../../../../nios2-elf/lib\libc.a(lib_a-strcmp.o)
 .comment       0x00000000       0x24 c:/altera/12.0/nios2eds/bin/gnu/h-i686-mingw32/bin/../lib/gcc/nios2-elf/4.1.2/../../../../nios2-elf/lib\libc.a(lib_a-callocr.o)
 .comment       0x00000000       0x24 c:/altera/12.0/nios2eds/bin/gnu/h-i686-mingw32/bin/../lib/gcc/nios2-elf/4.1.2\libgcc.a(_udivdi3.o)
 .comment       0x00000000       0x24 c:/altera/12.0/nios2eds/bin/gnu/h-i686-mingw32/bin/../lib/gcc/nios2-elf/4.1.2\libgcc.a(_umoddi3.o)
 .comment       0x00000000       0x24 c:/altera/12.0/nios2eds/bin/gnu/h-i686-mingw32/bin/../lib/gcc/nios2-elf/4.1.2\libgcc.a(_addsub_df.o)
 .comment       0x00000000       0x24 c:/altera/12.0/nios2eds/bin/gnu/h-i686-mingw32/bin/../lib/gcc/nios2-elf/4.1.2\libgcc.a(_mul_df.o)
 .comment       0x00000000       0x24 c:/altera/12.0/nios2eds/bin/gnu/h-i686-mingw32/bin/../lib/gcc/nios2-elf/4.1.2\libgcc.a(_div_df.o)
 .comment       0x00000000       0x24 c:/altera/12.0/nios2eds/bin/gnu/h-i686-mingw32/bin/../lib/gcc/nios2-elf/4.1.2\libgcc.a(_eq_df.o)
 .comment       0x00000000       0x24 c:/altera/12.0/nios2eds/bin/gnu/h-i686-mingw32/bin/../lib/gcc/nios2-elf/4.1.2\libgcc.a(_ne_df.o)
 .comment       0x00000000       0x24 c:/altera/12.0/nios2eds/bin/gnu/h-i686-mingw32/bin/../lib/gcc/nios2-elf/4.1.2\libgcc.a(_gt_df.o)
 .comment       0x00000000       0x24 c:/altera/12.0/nios2eds/bin/gnu/h-i686-mingw32/bin/../lib/gcc/nios2-elf/4.1.2\libgcc.a(_ge_df.o)
 .comment       0x00000000       0x24 c:/altera/12.0/nios2eds/bin/gnu/h-i686-mingw32/bin/../lib/gcc/nios2-elf/4.1.2\libgcc.a(_lt_df.o)
 .comment       0x00000000       0x24 c:/altera/12.0/nios2eds/bin/gnu/h-i686-mingw32/bin/../lib/gcc/nios2-elf/4.1.2\libgcc.a(_si_to_df.o)
 .comment       0x00000000       0x24 c:/altera/12.0/nios2eds/bin/gnu/h-i686-mingw32/bin/../lib/gcc/nios2-elf/4.1.2\libgcc.a(_df_to_si.o)
 .comment       0x00000000       0x24 c:/altera/12.0/nios2eds/bin/gnu/h-i686-mingw32/bin/../lib/gcc/nios2-elf/4.1.2\libgcc.a(_thenan_df.o)
 .comment       0x00000000       0x24 c:/altera/12.0/nios2eds/bin/gnu/h-i686-mingw32/bin/../lib/gcc/nios2-elf/4.1.2\libgcc.a(_usi_to_df.o)
 .comment       0x00000000       0x24 c:/altera/12.0/nios2eds/bin/gnu/h-i686-mingw32/bin/../lib/gcc/nios2-elf/4.1.2\libgcc.a(_muldi3.o)
 .comment       0x00000000       0x24 c:/altera/12.0/nios2eds/bin/gnu/h-i686-mingw32/bin/../lib/gcc/nios2-elf/4.1.2\libgcc.a(_clz.o)
 .comment       0x00000000       0x24 c:/altera/12.0/nios2eds/bin/gnu/h-i686-mingw32/bin/../lib/gcc/nios2-elf/4.1.2\libgcc.a(_clzsi2.o)
 .comment       0x00000000       0x24 c:/altera/12.0/nios2eds/bin/gnu/h-i686-mingw32/bin/../lib/gcc/nios2-elf/4.1.2\libgcc.a(_pack_df.o)
 .comment       0x00000000       0x24 c:/altera/12.0/nios2eds/bin/gnu/h-i686-mingw32/bin/../lib/gcc/nios2-elf/4.1.2\libgcc.a(_unpack_df.o)
 .comment       0x00000000       0x24 c:/altera/12.0/nios2eds/bin/gnu/h-i686-mingw32/bin/../lib/gcc/nios2-elf/4.1.2\libgcc.a(_fpcmp_parts_df.o)
 .comment       0x00000000       0x24 ../DE2_115_Audio_bsp/\libhal_bsp.a(alt_close.o)
 .comment       0x00000000       0x24 ../DE2_115_Audio_bsp/\libhal_bsp.a(alt_dev.o)
 .comment       0x00000000       0x24 ../DE2_115_Audio_bsp/\libhal_bsp.a(alt_errno.o)
 .comment       0x00000000       0x24 ../DE2_115_Audio_bsp/\libhal_bsp.a(alt_fstat.o)
 .comment       0x00000000       0x24 ../DE2_115_Audio_bsp/\libhal_bsp.a(alt_irq_register.o)
 .comment       0x00000000       0x24 ../DE2_115_Audio_bsp/\libhal_bsp.a(alt_irq_vars.o)
 .comment       0x00000000       0x24 ../DE2_115_Audio_bsp/\libhal_bsp.a(alt_isatty.o)
 .comment       0x00000000       0x24 ../DE2_115_Audio_bsp/\libhal_bsp.a(alt_load.o)
 .comment       0x00000000       0x24 ../DE2_115_Audio_bsp/\libhal_bsp.a(alt_lseek.o)
 .comment       0x00000000       0x24 ../DE2_115_Audio_bsp/\libhal_bsp.a(alt_main.o)
 .comment       0x00000000       0x24 ../DE2_115_Audio_bsp/\libhal_bsp.a(alt_malloc_lock.o)
 .comment       0x00000000       0x24 ../DE2_115_Audio_bsp/\libhal_bsp.a(alt_open.o)
 .comment       0x00000000       0x24 ../DE2_115_Audio_bsp/\libhal_bsp.a(alt_read.o)
 .comment       0x00000000       0x24 ../DE2_115_Audio_bsp/\libhal_bsp.a(alt_release_fd.o)
 .comment       0x00000000       0x24 ../DE2_115_Audio_bsp/\libhal_bsp.a(alt_sbrk.o)
 .comment       0x00000000       0x24 ../DE2_115_Audio_bsp/\libhal_bsp.a(alt_usleep.o)
 .comment       0x00000000       0x24 ../DE2_115_Audio_bsp/\libhal_bsp.a(alt_write.o)
 .comment       0x00000000       0x24 ../DE2_115_Audio_bsp/\libhal_bsp.a(alt_sys_init.o)
 .comment       0x00000000       0x24 ../DE2_115_Audio_bsp/\libhal_bsp.a(altera_avalon_cfi_flash.o)
 .comment       0x00000000       0x24 ../DE2_115_Audio_bsp/\libhal_bsp.a(altera_avalon_cfi_flash_table.o)
 .comment       0x00000000       0x24 ../DE2_115_Audio_bsp/\libhal_bsp.a(altera_avalon_jtag_uart_fd.o)
 .comment       0x00000000       0x24 ../DE2_115_Audio_bsp/\libhal_bsp.a(altera_avalon_jtag_uart_init.o)
 .comment       0x00000000       0x24 ../DE2_115_Audio_bsp/\libhal_bsp.a(altera_avalon_jtag_uart_ioctl.o)
 .comment       0x00000000       0x24 ../DE2_115_Audio_bsp/\libhal_bsp.a(altera_avalon_jtag_uart_read.o)
 .comment       0x00000000       0x24 ../DE2_115_Audio_bsp/\libhal_bsp.a(altera_avalon_jtag_uart_write.o)
 .comment       0x00000000       0x24 ../DE2_115_Audio_bsp/\libhal_bsp.a(altera_avalon_lcd_16207.o)
 .comment       0x00000000       0x24 ../DE2_115_Audio_bsp/\libhal_bsp.a(altera_avalon_lcd_16207_fd.o)
 .comment       0x00000000       0x24 ../DE2_115_Audio_bsp/\libhal_bsp.a(alt_alarm_start.o)